Archive member included to satisfy reference by file (symbol)

/usr/bin/../lib/gcc/arm-none-eabi/7.3.1/../../../../arm-none-eabi/lib/thumb/v6-m/libc_nano.a(lib_a-exit.o)
                              /usr/bin/../lib/gcc/arm-none-eabi/7.3.1/../../../../arm-none-eabi/lib/thumb/v6-m/crt0.o (exit)
/usr/bin/../lib/gcc/arm-none-eabi/7.3.1/../../../../arm-none-eabi/lib/thumb/v6-m/libc_nano.a(lib_a-impure.o)
                              /usr/bin/../lib/gcc/arm-none-eabi/7.3.1/../../../../arm-none-eabi/lib/thumb/v6-m/libc_nano.a(lib_a-exit.o) (_global_impure_ptr)
/usr/bin/../lib/gcc/arm-none-eabi/7.3.1/../../../../arm-none-eabi/lib/thumb/v6-m/libc_nano.a(lib_a-init.o)
                              /usr/bin/../lib/gcc/arm-none-eabi/7.3.1/../../../../arm-none-eabi/lib/thumb/v6-m/crt0.o (__libc_init_array)
/usr/bin/../lib/gcc/arm-none-eabi/7.3.1/../../../../arm-none-eabi/lib/thumb/v6-m/libc_nano.a(lib_a-memset.o)
                              /usr/bin/../lib/gcc/arm-none-eabi/7.3.1/../../../../arm-none-eabi/lib/thumb/v6-m/crt0.o (memset)
/usr/bin/../lib/gcc/arm-none-eabi/7.3.1/../../../../arm-none-eabi/lib/thumb/v6-m/libnosys.a(_exit.o)
                              /usr/bin/../lib/gcc/arm-none-eabi/7.3.1/../../../../arm-none-eabi/lib/thumb/v6-m/libc_nano.a(lib_a-exit.o) (_exit)
/usr/bin/../lib/gcc/arm-none-eabi/7.3.1/thumb/v6-m/libgcc.a(_udivsi3.o)
                              build/stm32f0xx_hal_rcc.o (__aeabi_uidiv)
/usr/bin/../lib/gcc/arm-none-eabi/7.3.1/thumb/v6-m/libgcc.a(_dvmd_tls.o)
                              /usr/bin/../lib/gcc/arm-none-eabi/7.3.1/thumb/v6-m/libgcc.a(_udivsi3.o) (__aeabi_idiv0)

Allocating common symbols
Common symbol       size              file

hUsbDeviceFS        0x224             build/usb_device.o
uwTick              0x4               build/stm32f0xx_hal.o
pFlash              0x20              build/stm32f0xx_hal_flash.o
UserRxBufferFS      0x3e8             build/usbd_cdc_if.o
UserTxBufferFS      0x3e8             build/usbd_cdc_if.o
hpcd_USB_FS         0x220             build/usbd_conf.o
USBD_StrDesc        0x200             build/usbd_desc.o

Discarded input sections

 .text          0x0000000000000000        0x0 /usr/bin/../lib/gcc/arm-none-eabi/7.3.1/thumb/v6-m/crti.o
 .data          0x0000000000000000        0x0 /usr/bin/../lib/gcc/arm-none-eabi/7.3.1/thumb/v6-m/crti.o
 .bss           0x0000000000000000        0x0 /usr/bin/../lib/gcc/arm-none-eabi/7.3.1/thumb/v6-m/crti.o
 .data          0x0000000000000000        0x4 /usr/bin/../lib/gcc/arm-none-eabi/7.3.1/thumb/v6-m/crtbegin.o
 .text          0x0000000000000000       0x78 /usr/bin/../lib/gcc/arm-none-eabi/7.3.1/../../../../arm-none-eabi/lib/thumb/v6-m/crt0.o
 .data          0x0000000000000000        0x0 /usr/bin/../lib/gcc/arm-none-eabi/7.3.1/../../../../arm-none-eabi/lib/thumb/v6-m/crt0.o
 .bss           0x0000000000000000        0x0 /usr/bin/../lib/gcc/arm-none-eabi/7.3.1/../../../../arm-none-eabi/lib/thumb/v6-m/crt0.o
 .ARM.extab     0x0000000000000000        0x0 /usr/bin/../lib/gcc/arm-none-eabi/7.3.1/../../../../arm-none-eabi/lib/thumb/v6-m/crt0.o
 .ARM.exidx     0x0000000000000000        0x8 /usr/bin/../lib/gcc/arm-none-eabi/7.3.1/../../../../arm-none-eabi/lib/thumb/v6-m/crt0.o
 .ARM.attributes
                0x0000000000000000       0x1b /usr/bin/../lib/gcc/arm-none-eabi/7.3.1/../../../../arm-none-eabi/lib/thumb/v6-m/crt0.o
 .text          0x0000000000000000        0x0 build/main.o
 .data          0x0000000000000000        0x0 build/main.o
 .bss           0x0000000000000000        0x0 build/main.o
 .text          0x0000000000000000        0x0 build/usb_device.o
 .data          0x0000000000000000        0x0 build/usb_device.o
 .bss           0x0000000000000000        0x0 build/usb_device.o
 .text          0x0000000000000000        0x0 build/usbd_conf.o
 .data          0x0000000000000000        0x0 build/usbd_conf.o
 .bss           0x0000000000000000        0x0 build/usbd_conf.o
 .text.HAL_PCD_MspDeInit
                0x0000000000000000       0x2c build/usbd_conf.o
 .text.HAL_PCD_ISOOUTIncompleteCallback
                0x0000000000000000        0xe build/usbd_conf.o
 .text.HAL_PCD_ISOINIncompleteCallback
                0x0000000000000000        0xe build/usbd_conf.o
 .text.HAL_PCD_ConnectCallback
                0x0000000000000000        0xe build/usbd_conf.o
 .text.HAL_PCD_DisconnectCallback
                0x0000000000000000        0xe build/usbd_conf.o
 .text.USBD_LL_DeInit
                0x0000000000000000       0x20 build/usbd_conf.o
 .text.USBD_LL_Stop
                0x0000000000000000       0x20 build/usbd_conf.o
 .text.USBD_LL_FlushEP
                0x0000000000000000       0x20 build/usbd_conf.o
 .text.USBD_LL_Delay
                0x0000000000000000        0x8 build/usbd_conf.o
 .text.HAL_PCDEx_SetConnectionState
                0x0000000000000000        0x2 build/usbd_conf.o
 .text          0x0000000000000000        0x0 build/usbd_desc.o
 .data          0x0000000000000000        0x0 build/usbd_desc.o
[...]
Memory Configuration

Name             Origin             Length             Attributes
RAM              0x0000000020000000 0x0000000000001800 xrw
FLASH            0x0000000008000000 0x0000000000008000 xr
*default*        0x0000000000000000 0xffffffffffffffff

Linker script and memory map

LOAD /usr/bin/../lib/gcc/arm-none-eabi/7.3.1/thumb/v6-m/crti.o
LOAD /usr/bin/../lib/gcc/arm-none-eabi/7.3.1/thumb/v6-m/crtbegin.o
LOAD /usr/bin/../lib/gcc/arm-none-eabi/7.3.1/../../../../arm-none-eabi/lib/thumb/v6-m/crt0.o
LOAD build/main.o
LOAD build/usb_device.o
LOAD build/usbd_conf.o
LOAD build/usbd_desc.o
LOAD build/usbd_cdc_if.o
LOAD build/stm32f0xx_it.o
LOAD build/stm32f0xx_hal_msp.o
LOAD build/stm32f0xx_hal_pcd.o
LOAD build/stm32f0xx_hal_pcd_ex.o
LOAD build/stm32f0xx_hal_tim.o
LOAD build/stm32f0xx_hal_tim_ex.o
LOAD build/stm32f0xx_hal_rcc.o
LOAD build/stm32f0xx_hal_rcc_ex.o
LOAD build/stm32f0xx_hal.o
LOAD build/stm32f0xx_hal_i2c.o
LOAD build/stm32f0xx_hal_i2c_ex.o
LOAD build/stm32f0xx_hal_gpio.o
LOAD build/stm32f0xx_hal_dma.o
LOAD build/stm32f0xx_hal_cortex.o
LOAD build/stm32f0xx_hal_pwr.o
LOAD build/stm32f0xx_hal_pwr_ex.o
LOAD build/stm32f0xx_hal_flash.o
LOAD build/stm32f0xx_hal_flash_ex.o
LOAD build/system_stm32f0xx.o
LOAD build/usbd_core.o
LOAD build/usbd_ctlreq.o
LOAD build/usbd_ioreq.o
LOAD build/usbd_cdc.o
LOAD build/startup_stm32f070x6.o
LOAD /usr/bin/../lib/gcc/arm-none-eabi/7.3.1/../../../../arm-none-eabi/lib/thumb/v6-m/libc_nano.a
LOAD /usr/bin/../lib/gcc/arm-none-eabi/7.3.1/../../../../arm-none-eabi/lib/thumb/v6-m/libm.a
LOAD /usr/bin/../lib/gcc/arm-none-eabi/7.3.1/../../../../arm-none-eabi/lib/thumb/v6-m/libnosys.a
START GROUP
LOAD /usr/bin/../lib/gcc/arm-none-eabi/7.3.1/thumb/v6-m/libgcc.a
LOAD /usr/bin/../lib/gcc/arm-none-eabi/7.3.1/../../../../arm-none-eabi/lib/thumb/v6-m/libc_nano.a
END GROUP
START GROUP
LOAD /usr/bin/../lib/gcc/arm-none-eabi/7.3.1/thumb/v6-m/libgcc.a
LOAD /usr/bin/../lib/gcc/arm-none-eabi/7.3.1/../../../../arm-none-eabi/lib/thumb/v6-m/libc_nano.a
END GROUP
LOAD /usr/bin/../lib/gcc/arm-none-eabi/7.3.1/thumb/v6-m/crtend.o
LOAD /usr/bin/../lib/gcc/arm-none-eabi/7.3.1/thumb/v6-m/crtn.o
                0x0000000020001800                _estack = 0x20001800
                0x0000000000000200                _Min_Heap_Size = 0x200
                0x0000000000000400                _Min_Stack_Size = 0x400

.isr_vector     0x0000000008000000       0xc0
                0x0000000008000000                . = ALIGN (0x4)
 *(.isr_vector)
 .isr_vector    0x0000000008000000       0xc0 build/startup_stm32f070x6.o
                0x0000000008000000                g_pfnVectors
                0x00000000080000c0                . = ALIGN (0x4)

.text           0x00000000080000c0     0x30f4
                0x00000000080000c0                . = ALIGN (0x4)
 *(.text)
 .text          0x00000000080000c0       0x48 /usr/bin/../lib/gcc/arm-none-eabi/7.3.1/thumb/v6-m/crtbegin.o
 .text          0x0000000008000108      0x114 /usr/bin/../lib/gcc/arm-none-eabi/7.3.1/thumb/v6-m/libgcc.a(_udivsi3.o)
                0x0000000008000108                __udivsi3
                0x0000000008000108                __aeabi_uidiv
                0x0000000008000214                __aeabi_uidivmod
 .text          0x000000000800021c        0x4 /usr/bin/../lib/gcc/arm-none-eabi/7.3.1/thumb/v6-m/libgcc.a(_dvmd_tls.o)
                0x000000000800021c                __aeabi_ldiv0
                0x000000000800021c                __aeabi_idiv0
 *(.text*)
 .text.MX_GPIO_Init
                0x0000000008000220       0xb4 build/main.o
 .text.clear_leds
                0x00000000080002d4       0x24 build/main.o
                0x00000000080002d4                clear_leds
 .text.set_led  0x00000000080002f8       0x5e build/main.o
                0x00000000080002f8                set_led
 .text.SystemClock_Config
                0x0000000008000356       0x66 build/main.o
                0x0000000008000356                SystemClock_Config
 .text.main     0x00000000080003bc       0x34 build/main.o
                0x00000000080003bc                main
 .text.Error_Handler
                0x00000000080003f0        0x2 build/main.o
                0x00000000080003f0                Error_Handler
 *fill*         0x00000000080003f2        0x2 
 .text.MX_USB_DEVICE_Init
                0x00000000080003f4       0x38 build/usb_device.o
                0x00000000080003f4                MX_USB_DEVICE_Init
 .text.SystemClockConfig_Resume
                0x000000000800042c        0x8 build/usbd_conf.o
 .text.HAL_PCD_MspInit
                0x0000000008000434       0x40 build/usbd_conf.o
                0x0000000008000434                HAL_PCD_MspInit
 .text.HAL_PCD_SetupStageCallback
                0x0000000008000474       0x14 build/usbd_conf.o
                0x0000000008000474                HAL_PCD_SetupStageCallback
 .text.HAL_PCD_DataOutStageCallback
                0x0000000008000488       0x1e build/usbd_conf.o
                0x0000000008000488                HAL_PCD_DataOutStageCallback
 .text.HAL_PCD_DataInStageCallback
                0x00000000080004a6       0x1a build/usbd_conf.o
                0x00000000080004a6                HAL_PCD_DataInStageCallback
 .text.HAL_PCD_SOFCallback
                0x00000000080004c0        0xe build/usbd_conf.o
                0x00000000080004c0                HAL_PCD_SOFCallback
 .text.HAL_PCD_ResetCallback
                0x00000000080004ce       0x18 build/usbd_conf.o
                0x00000000080004ce                HAL_PCD_ResetCallback
 *fill*         0x00000000080004e6        0x2 
 .text.HAL_PCD_SuspendCallback
                0x00000000080004e8       0x24 build/usbd_conf.o
                0x00000000080004e8                HAL_PCD_SuspendCallback
 .text.HAL_PCD_ResumeCallback
                0x000000000800050c       0x2c build/usbd_conf.o
                0x000000000800050c                HAL_PCD_ResumeCallback
 .text.USBD_LL_Init
                0x0000000008000538       0x88 build/usbd_conf.o
                0x0000000008000538                USBD_LL_Init
 .text.USBD_LL_Start
                0x00000000080005c0       0x20 build/usbd_conf.o
                0x00000000080005c0                USBD_LL_Start
 .text.USBD_LL_OpenEP
                0x00000000080005e0       0x26 build/usbd_conf.o
                0x00000000080005e0                USBD_LL_OpenEP
 .text.USBD_LL_CloseEP
                0x0000000008000606       0x20 build/usbd_conf.o
                0x0000000008000606                USBD_LL_CloseEP
 .text.USBD_LL_StallEP
                0x0000000008000626       0x20 build/usbd_conf.o
                0x0000000008000626                USBD_LL_StallEP
 .text.USBD_LL_ClearStallEP
                0x0000000008000646       0x20 build/usbd_conf.o
                0x0000000008000646                USBD_LL_ClearStallEP
 .text.USBD_LL_IsStallEP
                0x0000000008000666       0x34 build/usbd_conf.o
                0x0000000008000666                USBD_LL_IsStallEP
 .text.USBD_LL_SetUSBAddress
                0x000000000800069a       0x20 build/usbd_conf.o
                0x000000000800069a                USBD_LL_SetUSBAddress
 .text.USBD_LL_Transmit
                0x00000000080006ba       0x20 build/usbd_conf.o
                0x00000000080006ba                USBD_LL_Transmit
 .text.USBD_LL_PrepareReceive
                0x00000000080006da       0x20 build/usbd_conf.o
                0x00000000080006da                USBD_LL_PrepareReceive
 .text.USBD_LL_GetRxDataSize
                0x00000000080006fa        0xe build/usbd_conf.o
                0x00000000080006fa                USBD_LL_GetRxDataSize
 .text.USBD_static_malloc
                0x0000000008000708        0x8 build/usbd_conf.o
                0x0000000008000708                USBD_static_malloc
 .text.USBD_static_free
                0x0000000008000710        0x2 build/usbd_conf.o
                0x0000000008000710                USBD_static_free
 *fill*         0x0000000008000712        0x2 
 .text.USBD_FS_DeviceDescriptor
                0x0000000008000714        0xc build/usbd_desc.o
                0x0000000008000714                USBD_FS_DeviceDescriptor
 .text.USBD_FS_LangIDStrDescriptor
                0x0000000008000720        0xc build/usbd_desc.o
                0x0000000008000720                USBD_FS_LangIDStrDescriptor
 .text.USBD_FS_ProductStrDescriptor
                0x000000000800072c       0x28 build/usbd_desc.o
                0x000000000800072c                USBD_FS_ProductStrDescriptor
 .text.USBD_FS_ManufacturerStrDescriptor
                0x0000000008000754       0x1c build/usbd_desc.o
                0x0000000008000754                USBD_FS_ManufacturerStrDescriptor
 .text.USBD_FS_SerialStrDescriptor
                0x0000000008000770       0x28 build/usbd_desc.o
                0x0000000008000770                USBD_FS_SerialStrDescriptor
 .text.USBD_FS_ConfigStrDescriptor
                0x0000000008000798       0x28 build/usbd_desc.o
                0x0000000008000798                USBD_FS_ConfigStrDescriptor
 .text.USBD_FS_InterfaceStrDescriptor
                0x00000000080007c0       0x28 build/usbd_desc.o
                0x00000000080007c0                USBD_FS_InterfaceStrDescriptor
 .text.CDC_DeInit_FS
                0x00000000080007e8        0x4 build/usbd_cdc_if.o
 .text.CDC_Control_FS
                0x00000000080007ec        0x4 build/usbd_cdc_if.o
 .text.CDC_Receive_FS
                0x00000000080007f0       0x1c build/usbd_cdc_if.o
 .text.CDC_Init_FS
                0x000000000800080c       0x28 build/usbd_cdc_if.o
 .text.NMI_Handler
                0x0000000008000834        0x2 build/stm32f0xx_it.o
                0x0000000008000834                NMI_Handler
 .text.HardFault_Handler
                0x0000000008000836        0x2 build/stm32f0xx_it.o
                0x0000000008000836                HardFault_Handler
 .text.SVC_Handler
                0x0000000008000838        0x2 build/stm32f0xx_it.o
                0x0000000008000838                SVC_Handler
 .text.PendSV_Handler
                0x000000000800083a        0x2 build/stm32f0xx_it.o
                0x000000000800083a                PendSV_Handler
 .text.SysTick_Handler
                0x000000000800083c        0x8 build/stm32f0xx_it.o
                0x000000000800083c                SysTick_Handler
 .text.USB_IRQHandler
                0x0000000008000844       0x10 build/stm32f0xx_it.o
                0x0000000008000844                USB_IRQHandler
 .text.HAL_MspInit
                0x0000000008000854       0x30 build/stm32f0xx_hal_msp.o
                0x0000000008000854                HAL_MspInit
 .text.HAL_PCD_Init
                0x0000000008000884       0xc0 build/stm32f0xx_hal_pcd.o
                0x0000000008000884                HAL_PCD_Init
 .text.HAL_PCD_Start
                0x0000000008000944       0x18 build/stm32f0xx_hal_pcd.o
                0x0000000008000944                HAL_PCD_Start
 .text.HAL_PCD_SetAddress
                0x000000000800095c       0x36 build/stm32f0xx_hal_pcd.o
                0x000000000800095c                HAL_PCD_SetAddress
 *fill*         0x0000000008000992        0x2 
 .text.HAL_PCD_EP_Open
                0x0000000008000994      0x354 build/stm32f0xx_hal_pcd.o
                0x0000000008000994                HAL_PCD_EP_Open
 .text.HAL_PCD_EP_Close
                0x0000000008000ce8      0x1d0 build/stm32f0xx_hal_pcd.o
                0x0000000008000ce8                HAL_PCD_EP_Close
 .text.HAL_PCD_EP_Receive
                0x0000000008000eb8      0x200 build/stm32f0xx_hal_pcd.o
                0x0000000008000eb8                HAL_PCD_EP_Receive
 .text.HAL_PCD_EP_GetRxCount
                0x00000000080010b8       0x14 build/stm32f0xx_hal_pcd.o
                0x00000000080010b8                HAL_PCD_EP_GetRxCount
 .text.HAL_PCD_EP_SetStall
                0x00000000080010cc       0xc0 build/stm32f0xx_hal_pcd.o
                0x00000000080010cc                HAL_PCD_EP_SetStall
 .text.HAL_PCD_EP_ClrStall
                0x000000000800118c       0xe0 build/stm32f0xx_hal_pcd.o
                0x000000000800118c                HAL_PCD_EP_ClrStall
 .text.PCD_WritePMA
                0x000000000800126c       0x28 build/stm32f0xx_hal_pcd.o
                0x000000000800126c                PCD_WritePMA
 .text.HAL_PCD_EP_Transmit
                0x0000000008001294      0x218 build/stm32f0xx_hal_pcd.o
                0x0000000008001294                HAL_PCD_EP_Transmit
 .text.PCD_ReadPMA
                0x00000000080014ac       0x2c build/stm32f0xx_hal_pcd.o
                0x00000000080014ac                PCD_ReadPMA
 .text.PCD_EP_ISR_Handler
                0x00000000080014d8      0x4ac build/stm32f0xx_hal_pcd.o
 .text.HAL_PCD_IRQHandler
                0x0000000008001984      0x11c build/stm32f0xx_hal_pcd.o
                0x0000000008001984                HAL_PCD_IRQHandler
 .text.HAL_PCDEx_PMAConfig
                0x0000000008001aa0       0x3a build/stm32f0xx_hal_pcd_ex.o
                0x0000000008001aa0                HAL_PCDEx_PMAConfig
 *fill*         0x0000000008001ada        0x2 
 .text.HAL_RCC_OscConfig
                0x0000000008001adc      0x468 build/stm32f0xx_hal_rcc.o
                0x0000000008001adc                HAL_RCC_OscConfig
 .text.HAL_RCC_GetSysClockFreq
                0x0000000008001f44       0x74 build/stm32f0xx_hal_rcc.o
                0x0000000008001f44                HAL_RCC_GetSysClockFreq
 .text.HAL_RCC_ClockConfig
                0x0000000008001fb8      0x154 build/stm32f0xx_hal_rcc.o
                0x0000000008001fb8                HAL_RCC_ClockConfig
 .text.HAL_RCC_GetHCLKFreq
                0x000000000800210c        0xc build/stm32f0xx_hal_rcc.o
                0x000000000800210c                HAL_RCC_GetHCLKFreq
 .text.HAL_RCCEx_PeriphCLKConfig
                0x0000000008002118      0x12c build/stm32f0xx_hal_rcc_ex.o
                0x0000000008002118                HAL_RCCEx_PeriphCLKConfig
 .text.HAL_InitTick
                0x0000000008002244       0x24 build/stm32f0xx_hal.o
                0x0000000008002244                HAL_InitTick
 .text.HAL_Init
                0x0000000008002268       0x20 build/stm32f0xx_hal.o
                0x0000000008002268                HAL_Init
 .text.HAL_IncTick
                0x0000000008002288       0x10 build/stm32f0xx_hal.o
                0x0000000008002288                HAL_IncTick
 .text.HAL_GetTick
                0x0000000008002298        0xc build/stm32f0xx_hal.o
                0x0000000008002298                HAL_GetTick
 .text.HAL_Delay
                0x00000000080022a4       0x22 build/stm32f0xx_hal.o
                0x00000000080022a4                HAL_Delay
 *fill*         0x00000000080022c6        0x2 
 .text.HAL_GPIO_Init
                0x00000000080022c8      0x18c build/stm32f0xx_hal_gpio.o
                0x00000000080022c8                HAL_GPIO_Init
 .text.HAL_GPIO_WritePin
                0x0000000008002454        0xc build/stm32f0xx_hal_gpio.o
                0x0000000008002454                HAL_GPIO_WritePin
 .text.HAL_NVIC_SetPriority
                0x0000000008002460       0x60 build/stm32f0xx_hal_cortex.o
                0x0000000008002460                HAL_NVIC_SetPriority
 .text.HAL_NVIC_EnableIRQ
                0x00000000080024c0       0x14 build/stm32f0xx_hal_cortex.o
                0x00000000080024c0                HAL_NVIC_EnableIRQ
 .text.HAL_SYSTICK_Config
                0x00000000080024d4       0x38 build/stm32f0xx_hal_cortex.o
                0x00000000080024d4                HAL_SYSTICK_Config
 .text.SystemInit
                0x000000000800250c       0x68 build/system_stm32f0xx.o
                0x000000000800250c                SystemInit
 .text.USBD_Init
                0x0000000008002574       0x38 build/usbd_core.o
                0x0000000008002574                USBD_Init
 .text.USBD_RegisterClass
                0x00000000080025ac       0x12 build/usbd_core.o
                0x00000000080025ac                USBD_RegisterClass
 .text.USBD_Start
                0x00000000080025be        0xa build/usbd_core.o
                0x00000000080025be                USBD_Start
 .text.USBD_SetClassConfig
                0x00000000080025c8       0x20 build/usbd_core.o
                0x00000000080025c8                USBD_SetClassConfig
 .text.USBD_ClrClassConfig
                0x00000000080025e8       0x10 build/usbd_core.o
                0x00000000080025e8                USBD_ClrClassConfig
 .text.USBD_LL_SetupStage
                0x00000000080025f8       0x68 build/usbd_core.o
                0x00000000080025f8                USBD_LL_SetupStage
 .text.USBD_LL_DataOutStage
                0x0000000008002660       0x78 build/usbd_core.o
                0x0000000008002660                USBD_LL_DataOutStage
 .text.USBD_LL_DataInStage
                0x00000000080026d8       0xc2 build/usbd_core.o
                0x00000000080026d8                USBD_LL_DataInStage
 .text.USBD_LL_Reset
                0x000000000800279a       0x46 build/usbd_core.o
                0x000000000800279a                USBD_LL_Reset
 .text.USBD_LL_SetSpeed
                0x00000000080027e0        0x6 build/usbd_core.o
                0x00000000080027e0                USBD_LL_SetSpeed
 .text.USBD_LL_Suspend
                0x00000000080027e6       0x16 build/usbd_core.o
                0x00000000080027e6                USBD_LL_Suspend
 .text.USBD_LL_Resume
                0x00000000080027fc        0xe build/usbd_core.o
                0x00000000080027fc                USBD_LL_Resume
 .text.USBD_LL_SOF
                0x000000000800280a       0x20 build/usbd_core.o
                0x000000000800280a                USBD_LL_SOF
 .text.USBD_GetLen
                0x000000000800282a       0x14 build/usbd_ctlreq.o
 .text.USBD_SetFeature
                0x000000000800283e       0x22 build/usbd_ctlreq.o
 .text.USBD_ParseSetupRequest
                0x0000000008002860       0x28 build/usbd_ctlreq.o
                0x0000000008002860                USBD_ParseSetupRequest
 .text.USBD_CtlError
                0x0000000008002888       0x14 build/usbd_ctlreq.o
                0x0000000008002888                USBD_CtlError
 .text.USBD_GetDescriptor
                0x000000000800289c      0x15c build/usbd_ctlreq.o
 .text.USBD_SetAddress
                0x00000000080029f8       0x58 build/usbd_ctlreq.o
 .text.USBD_SetConfig
                0x0000000008002a50       0xb0 build/usbd_ctlreq.o
 .text.USBD_GetConfig
                0x0000000008002b00       0x3c build/usbd_ctlreq.o
 .text.USBD_GetStatus
                0x0000000008002b3c       0x34 build/usbd_ctlreq.o
 .text.USBD_ClrFeature
                0x0000000008002b70       0x36 build/usbd_ctlreq.o
 *fill*         0x0000000008002ba6        0x2 
 .text.USBD_StdDevReq
                0x0000000008002ba8       0x48 build/usbd_ctlreq.o
                0x0000000008002ba8                USBD_StdDevReq
 .text.USBD_StdItfReq
                0x0000000008002bf0       0x3e build/usbd_ctlreq.o
                0x0000000008002bf0                USBD_StdItfReq
 .text.USBD_StdEPReq
                0x0000000008002c2e      0x138 build/usbd_ctlreq.o
                0x0000000008002c2e                USBD_StdEPReq
 .text.USBD_GetString
                0x0000000008002d66       0x3c build/usbd_ctlreq.o
                0x0000000008002d66                USBD_GetString
 .text.USBD_CtlSendData
                0x0000000008002da2       0x1c build/usbd_ioreq.o
                0x0000000008002da2                USBD_CtlSendData
 .text.USBD_CtlContinueSendData
                0x0000000008002dbe       0x10 build/usbd_ioreq.o
                0x0000000008002dbe                USBD_CtlContinueSendData
 .text.USBD_CtlPrepareRx
                0x0000000008002dce       0x20 build/usbd_ioreq.o
                0x0000000008002dce                USBD_CtlPrepareRx
 .text.USBD_CtlContinueRx
                0x0000000008002dee       0x10 build/usbd_ioreq.o
                0x0000000008002dee                USBD_CtlContinueRx
 .text.USBD_CtlSendStatus
                0x0000000008002dfe       0x18 build/usbd_ioreq.o
                0x0000000008002dfe                USBD_CtlSendStatus
 .text.USBD_CtlReceiveStatus
                0x0000000008002e16       0x18 build/usbd_ioreq.o
                0x0000000008002e16                USBD_CtlReceiveStatus
 .text.USBD_CDC_DataIn
                0x0000000008002e2e       0x1a build/usbd_cdc.o
 .text.USBD_CDC_EP0_RxReady
                0x0000000008002e48       0x34 build/usbd_cdc.o
 .text.USBD_CDC_GetFSCfgDesc
                0x0000000008002e7c        0xc build/usbd_cdc.o
 .text.USBD_CDC_GetHSCfgDesc
                0x0000000008002e88        0xc build/usbd_cdc.o
 .text.USBD_CDC_GetOtherSpeedCfgDesc
                0x0000000008002e94        0xc build/usbd_cdc.o
 .text.USBD_CDC_GetDeviceQualifierDescriptor
                0x0000000008002ea0        0xc build/usbd_cdc.o
                0x0000000008002ea0                USBD_CDC_GetDeviceQualifierDescriptor
 .text.USBD_CDC_DataOut
                0x0000000008002eac       0x36 build/usbd_cdc.o
 *fill*         0x0000000008002ee2        0x2 
 .text.USBD_CDC_Setup
                0x0000000008002ee4       0x84 build/usbd_cdc.o
 .text.USBD_CDC_DeInit
                0x0000000008002f68       0x40 build/usbd_cdc.o
 .text.USBD_CDC_Init
                0x0000000008002fa8       0xa4 build/usbd_cdc.o
 .text.USBD_CDC_RegisterInterface
                0x000000000800304c       0x12 build/usbd_cdc.o
                0x000000000800304c                USBD_CDC_RegisterInterface
 .text.USBD_CDC_SetTxBuffer
                0x000000000800305e       0x16 build/usbd_cdc.o
                0x000000000800305e                USBD_CDC_SetTxBuffer
 .text.USBD_CDC_SetRxBuffer
                0x0000000008003074        0xe build/usbd_cdc.o
                0x0000000008003074                USBD_CDC_SetRxBuffer
 .text.USBD_CDC_ReceivePacket
                0x0000000008003082       0x3e build/usbd_cdc.o
                0x0000000008003082                USBD_CDC_ReceivePacket
 .text.Reset_Handler
                0x00000000080030c0       0x80 build/startup_stm32f070x6.o
                0x00000000080030c0                Reset_Handler
 .text.Default_Handler
                0x0000000008003140        0x2 build/startup_stm32f070x6.o
                0x0000000008003140                TIM1_CC_IRQHandler
                0x0000000008003140                I2C1_IRQHandler
                0x0000000008003140                SPI1_IRQHandler
                0x0000000008003140                EXTI2_3_IRQHandler
                0x0000000008003140                ADC1_IRQHandler
                0x0000000008003140                TIM17_IRQHandler
                0x0000000008003140                RTC_IRQHandler
                0x0000000008003140                TIM16_IRQHandler
                0x0000000008003140                TIM3_IRQHandler
                0x0000000008003140                EXTI4_15_IRQHandler
                0x0000000008003140                RCC_IRQHandler
                0x0000000008003140                DMA1_Channel1_IRQHandler
                0x0000000008003140                Default_Handler
                0x0000000008003140                TIM14_IRQHandler
                0x0000000008003140                DMA1_Channel4_5_IRQHandler
                0x0000000008003140                EXTI0_1_IRQHandler
                0x0000000008003140                WWDG_IRQHandler
                0x0000000008003140                DMA1_Channel2_3_IRQHandler
                0x0000000008003140                USART2_IRQHandler
                0x0000000008003140                FLASH_IRQHandler
                0x0000000008003140                USART1_IRQHandler
                0x0000000008003140                TIM1_BRK_UP_TRG_COM_IRQHandler
 *fill*         0x0000000008003142        0x2 
 .text.__libc_init_array
                0x0000000008003144       0x48 /usr/bin/../lib/gcc/arm-none-eabi/7.3.1/../../../../arm-none-eabi/lib/thumb/v6-m/libc_nano.a(lib_a-init.o)
                0x0000000008003144                __libc_init_array
 .text.memset   0x000000000800318c       0x10 /usr/bin/../lib/gcc/arm-none-eabi/7.3.1/../../../../arm-none-eabi/lib/thumb/v6-m/libc_nano.a(lib_a-memset.o)
                0x000000000800318c                memset
 *(.glue_7)
 .glue_7        0x000000000800319c        0x0 linker stubs
 *(.glue_7t)
 .glue_7t       0x000000000800319c        0x0 linker stubs
 *(.eh_frame)
 .eh_frame      0x000000000800319c        0x0 /usr/bin/../lib/gcc/arm-none-eabi/7.3.1/thumb/v6-m/crtbegin.o
 *(.init)
 .init          0x000000000800319c        0x4 /usr/bin/../lib/gcc/arm-none-eabi/7.3.1/thumb/v6-m/crti.o
                0x000000000800319c                _init
 .init          0x00000000080031a0        0x8 /usr/bin/../lib/gcc/arm-none-eabi/7.3.1/thumb/v6-m/crtn.o
 *(.fini)
 .fini          0x00000000080031a8        0x4 /usr/bin/../lib/gcc/arm-none-eabi/7.3.1/thumb/v6-m/crti.o
                0x00000000080031a8                _fini
 .fini          0x00000000080031ac        0x8 /usr/bin/../lib/gcc/arm-none-eabi/7.3.1/thumb/v6-m/crtn.o
                0x00000000080031b4                . = ALIGN (0x4)
                0x00000000080031b4                _etext = .

.vfp11_veneer   0x00000000080031b4        0x0
 .vfp11_veneer  0x00000000080031b4        0x0 linker stubs

.v4_bx          0x00000000080031b4        0x0
 .v4_bx         0x00000000080031b4        0x0 linker stubs

.iplt           0x00000000080031b4        0x0
 .iplt          0x00000000080031b4        0x0 /usr/bin/../lib/gcc/arm-none-eabi/7.3.1/thumb/v6-m/crtbegin.o

.rodata         0x00000000080031b4       0xcc
                0x00000000080031b4                . = ALIGN (0x4)
 *(.rodata)
 .rodata        0x00000000080031b4       0x20 build/stm32f0xx_hal_rcc.o
 *(.rodata*)
 .rodata.USBD_FS_ConfigStrDescriptor.str1.4
                0x00000000080031d4        0xb build/usbd_desc.o
 *fill*         0x00000000080031df        0x1 
 .rodata.USBD_FS_InterfaceStrDescriptor.str1.4
                0x00000000080031e0        0xe build/usbd_desc.o
 *fill*         0x00000000080031ee        0x2 
 .rodata.USBD_FS_ManufacturerStrDescriptor.str1.4
                0x00000000080031f0        0x7 build/usbd_desc.o
 *fill*         0x00000000080031f7        0x1 
 .rodata.USBD_FS_ProductStrDescriptor.str1.4
                0x00000000080031f8        0x8 build/usbd_desc.o
 .rodata.USBD_FS_SerialStrDescriptor.str1.4
                0x0000000008003200       0x10 build/usbd_desc.o
                                          0xd (size before relaxing)
 .rodata.AHBPrescTable
                0x0000000008003210       0x10 build/system_stm32f0xx.o
                0x0000000008003210                AHBPrescTable
 .rodata.USBD_GetDescriptor
                0x0000000008003220       0x38 build/usbd_ctlreq.o
 .rodata.USBD_StdDevReq
                0x0000000008003258       0x28 build/usbd_ctlreq.o
                0x0000000008003280                . = ALIGN (0x4)

.rel.dyn        0x0000000008003280        0x0
 .rel.iplt      0x0000000008003280        0x0 /usr/bin/../lib/gcc/arm-none-eabi/7.3.1/thumb/v6-m/crtbegin.o

.ARM.extab
 *(.ARM.extab* .gnu.linkonce.armextab.*)

.ARM            0x0000000008003280        0x0
                0x0000000008003280                __exidx_start = .
 *(.ARM.exidx*)
                0x0000000008003280                __exidx_end = .

.preinit_array  0x0000000008003280        0x0
                0x0000000008003280                PROVIDE (__preinit_array_start = .)
 *(.preinit_array*)
                0x0000000008003280                PROVIDE (__preinit_array_end = .)

.init_array     0x0000000008003280        0x4
                0x0000000008003280                PROVIDE (__init_array_start = .)
 *(SORT_BY_NAME(.init_array.*))
 *(.init_array*)
 .init_array    0x0000000008003280        0x4 /usr/bin/../lib/gcc/arm-none-eabi/7.3.1/thumb/v6-m/crtbegin.o
                0x0000000008003284                PROVIDE (__init_array_end = .)

.fini_array     0x0000000008003284        0x4
                [!provide]                        PROVIDE (__fini_array_start = .)
 *(SORT_BY_NAME(.fini_array.*))
 *(.fini_array*)
 .fini_array    0x0000000008003284        0x4 /usr/bin/../lib/gcc/arm-none-eabi/7.3.1/thumb/v6-m/crtbegin.o
                [!provide]                        PROVIDE (__fini_array_end = .)
                0x0000000008003288                _sidata = LOADADDR (.data)

.data           0x0000000020000000      0x158 load address 0x0000000008003288
                0x0000000020000000                . = ALIGN (0x4)
                0x0000000020000000                _sdata = .
 *(.data)
 *(.data*)
 .data.FS_Desc  0x0000000020000000       0x1c build/usbd_desc.o
                0x0000000020000000                FS_Desc
 .data.USBD_FS_DeviceDesc
                0x000000002000001c       0x12 build/usbd_desc.o
                0x000000002000001c                USBD_FS_DeviceDesc
 *fill*         0x000000002000002e        0x2 
 .data.USBD_LangIDDesc
                0x0000000020000030        0x4 build/usbd_desc.o
                0x0000000020000030                USBD_LangIDDesc
 .data.USBD_Interface_fops_FS
                0x0000000020000034       0x10 build/usbd_cdc_if.o
                0x0000000020000034                USBD_Interface_fops_FS
 .data.SystemCoreClock
                0x0000000020000044        0x4 build/system_stm32f0xx.o
                0x0000000020000044                SystemCoreClock
 .data.USBD_CDC
                0x0000000020000048       0x38 build/usbd_cdc.o
                0x0000000020000048                USBD_CDC
 .data.USBD_CDC_CfgFSDesc
                0x0000000020000080       0x43 build/usbd_cdc.o
                0x0000000020000080                USBD_CDC_CfgFSDesc
 *fill*         0x00000000200000c3        0x1 
 .data.USBD_CDC_CfgHSDesc
                0x00000000200000c4       0x43 build/usbd_cdc.o
                0x00000000200000c4                USBD_CDC_CfgHSDesc
 *fill*         0x0000000020000107        0x1 
 .data.USBD_CDC_DeviceQualifierDesc
                0x0000000020000108        0xa build/usbd_cdc.o
 *fill*         0x0000000020000112        0x2 
 .data.USBD_CDC_OtherSpeedCfgDesc
                0x0000000020000114       0x43 build/usbd_cdc.o
                0x0000000020000114                USBD_CDC_OtherSpeedCfgDesc
                0x0000000020000158                . = ALIGN (0x4)
 *fill*         0x0000000020000157        0x1 
                0x0000000020000158                _edata = .

.igot.plt       0x0000000020000158        0x0 load address 0x00000000080033e0
 .igot.plt      0x0000000020000158        0x0 /usr/bin/../lib/gcc/arm-none-eabi/7.3.1/thumb/v6-m/crtbegin.o
                0x0000000020000158                . = ALIGN (0x4)

.bss            0x0000000020000158     0x1058 load address 0x00000000080033e0
                0x0000000020000158                _sbss = .
                0x0000000020000158                __bss_start__ = _sbss
 *(.bss)
 .bss           0x0000000020000158       0x1c /usr/bin/../lib/gcc/arm-none-eabi/7.3.1/thumb/v6-m/crtbegin.o
 *(.bss*)
 .bss.mem.7493  0x0000000020000174      0x220 build/usbd_conf.o
 .bss.cfgidx.7336
                0x0000000020000394        0x1 build/usbd_ctlreq.o
 .bss.ifalt.7331
                0x0000000020000395        0x1 build/usbd_cdc.o
 *(COMMON)
 *fill*         0x0000000020000396        0x2 
 COMMON         0x0000000020000398      0x224 build/usb_device.o
                0x0000000020000398                hUsbDeviceFS
 COMMON         0x00000000200005bc      0x220 build/usbd_conf.o
                0x00000000200005bc                hpcd_USB_FS
 COMMON         0x00000000200007dc      0x200 build/usbd_desc.o
                0x00000000200007dc                USBD_StrDesc
 COMMON         0x00000000200009dc      0x7d0 build/usbd_cdc_if.o
                0x00000000200009dc                UserRxBufferFS
                0x0000000020000dc4                UserTxBufferFS
 COMMON         0x00000000200011ac        0x4 build/stm32f0xx_hal.o
                0x00000000200011ac                uwTick
                0x00000000200011b0                . = ALIGN (0x4)
                0x00000000200011b0                _ebss = .
                0x00000000200011b0                __bss_end__ = _ebss

._user_heap_stack
                0x00000000200011b0      0x600 load address 0x00000000080033e0
                0x00000000200011b0                . = ALIGN (0x8)
                [!provide]                        PROVIDE (end = .)
                [!provide]                        PROVIDE (_end = .)
                0x00000000200013b0                . = (. + _Min_Heap_Size)
 *fill*         0x00000000200011b0      0x200 
                0x00000000200017b0                . = (. + _Min_Stack_Size)
 *fill*         0x00000000200013b0      0x400 
                0x00000000200017b0                . = ALIGN (0x8)

/DISCARD/
 libc.a(*)
 libm.a(*)
 libgcc.a(*)

.ARM.attributes
                0x0000000000000000       0x28
 *(.ARM.attributes)
 .ARM.attributes
                0x0000000000000000       0x1e /usr/bin/../lib/gcc/arm-none-eabi/7.3.1/thumb/v6-m/crti.o
 .ARM.attributes
                0x000000000000001e       0x2c /usr/bin/../lib/gcc/arm-none-eabi/7.3.1/thumb/v6-m/crtbegin.o
 .ARM.attributes
                0x000000000000004a       0x31 build/main.o
 .ARM.attributes
                0x000000000000007b       0x31 build/usb_device.o
 .ARM.attributes
                0x00000000000000ac       0x31 build/usbd_conf.o
 .ARM.attributes
                0x00000000000000dd       0x31 build/usbd_desc.o
 .ARM.attributes
                0x000000000000010e       0x31 build/usbd_cdc_if.o
 .ARM.attributes
                0x000000000000013f       0x31 build/stm32f0xx_it.o
 .ARM.attributes
                0x0000000000000170       0x31 build/stm32f0xx_hal_msp.o
 .ARM.attributes
                0x00000000000001a1       0x31 build/stm32f0xx_hal_pcd.o
 .ARM.attributes
                0x00000000000001d2       0x31 build/stm32f0xx_hal_pcd_ex.o
 .ARM.attributes
                0x0000000000000203       0x31 build/stm32f0xx_hal_rcc.o
 .ARM.attributes
                0x0000000000000234       0x31 build/stm32f0xx_hal_rcc_ex.o
 .ARM.attributes
                0x0000000000000265       0x31 build/stm32f0xx_hal.o
 .ARM.attributes
                0x0000000000000296       0x31 build/stm32f0xx_hal_gpio.o
 .ARM.attributes
                0x00000000000002c7       0x31 build/stm32f0xx_hal_cortex.o
 .ARM.attributes
                0x00000000000002f8       0x31 build/system_stm32f0xx.o
 .ARM.attributes
                0x0000000000000329       0x31 build/usbd_core.o
 .ARM.attributes
                0x000000000000035a       0x31 build/usbd_ctlreq.o
 .ARM.attributes
                0x000000000000038b       0x31 build/usbd_ioreq.o
 .ARM.attributes
                0x00000000000003bc       0x31 build/usbd_cdc.o
 .ARM.attributes
                0x00000000000003ed       0x21 build/startup_stm32f070x6.o
 .ARM.attributes
                0x000000000000040e       0x2c /usr/bin/../lib/gcc/arm-none-eabi/7.3.1/../../../../arm-none-eabi/lib/thumb/v6-m/libc_nano.a(lib_a-init.o)
 .ARM.attributes
                0x000000000000043a       0x2c /usr/bin/../lib/gcc/arm-none-eabi/7.3.1/../../../../arm-none-eabi/lib/thumb/v6-m/libc_nano.a(lib_a-memset.o)
 .ARM.attributes
                0x0000000000000466       0x1e /usr/bin/../lib/gcc/arm-none-eabi/7.3.1/thumb/v6-m/libgcc.a(_udivsi3.o)
 .ARM.attributes
                0x0000000000000484       0x1e /usr/bin/../lib/gcc/arm-none-eabi/7.3.1/thumb/v6-m/libgcc.a(_dvmd_tls.o)
 .ARM.attributes
                0x00000000000004a2       0x1e /usr/bin/../lib/gcc/arm-none-eabi/7.3.1/thumb/v6-m/crtn.o
OUTPUT(build/B-timer.elf elf32-littlearm)

.debug_info     0x0000000000000000    0x15e98
 .debug_info    0x0000000000000000     0x125a build/main.o
 .debug_info    0x000000000000125a      0xfcf build/usb_device.o
 .debug_info    0x0000000000002229     0x21f0 build/usbd_conf.o
 .debug_info    0x0000000000004419      0xe57 build/usbd_desc.o
 .debug_info    0x0000000000005270     0x1215 build/usbd_cdc_if.o
 .debug_info    0x0000000000006485      0xf3c build/stm32f0xx_it.o
 .debug_info    0x00000000000073c1      0xb32 build/stm32f0xx_hal_msp.o
 .debug_info    0x0000000000007ef3     0x1d6b build/stm32f0xx_hal_pcd.o
 .debug_info    0x0000000000009c5e      0xf1e build/stm32f0xx_hal_pcd_ex.o
 .debug_info    0x000000000000ab7c     0x12d3 build/stm32f0xx_hal_rcc.o
 .debug_info    0x000000000000be4f      0xd66 build/stm32f0xx_hal_rcc_ex.o
 .debug_info    0x000000000000cbb5      0xfc9 build/stm32f0xx_hal.o
 .debug_info    0x000000000000db7e      0xfb4 build/stm32f0xx_hal_gpio.o
 .debug_info    0x000000000000eb32     0x1112 build/stm32f0xx_hal_cortex.o
 .debug_info    0x000000000000fc44      0xb7f build/system_stm32f0xx.o
 .debug_info    0x00000000000107c3     0x1652 build/usbd_core.o
 .debug_info    0x0000000000011e15     0x181f build/usbd_ctlreq.o
 .debug_info    0x0000000000013634     0x1129 build/usbd_ioreq.o
 .debug_info    0x000000000001475d     0x1719 build/usbd_cdc.o
 .debug_info    0x0000000000015e76       0x22 build/startup_stm32f070x6.o

.debug_abbrev   0x0000000000000000     0x31a8
 .debug_abbrev  0x0000000000000000      0x2c8 build/main.o
 .debug_abbrev  0x00000000000002c8      0x1f7 build/usb_device.o
 .debug_abbrev  0x00000000000004bf      0x33e build/usbd_conf.o
 .debug_abbrev  0x00000000000007fd      0x252 build/usbd_desc.o
 .debug_abbrev  0x0000000000000a4f      0x2c5 build/usbd_cdc_if.o
 .debug_abbrev  0x0000000000000d14      0x211 build/stm32f0xx_it.o
 .debug_abbrev  0x0000000000000f25      0x1c4 build/stm32f0xx_hal_msp.o
 .debug_abbrev  0x00000000000010e9      0x38d build/stm32f0xx_hal_pcd.o
 .debug_abbrev  0x0000000000001476      0x1ea build/stm32f0xx_hal_pcd_ex.o
 .debug_abbrev  0x0000000000001660      0x2e6 build/stm32f0xx_hal_rcc.o
 .debug_abbrev  0x0000000000001946      0x287 build/stm32f0xx_hal_rcc_ex.o
 .debug_abbrev  0x0000000000001bcd      0x2d9 build/stm32f0xx_hal.o
 .debug_abbrev  0x0000000000001ea6      0x2be build/stm32f0xx_hal_gpio.o
 .debug_abbrev  0x0000000000002164      0x32e build/stm32f0xx_hal_cortex.o
 .debug_abbrev  0x0000000000002492      0x1e6 build/system_stm32f0xx.o
 .debug_abbrev  0x0000000000002678      0x2db build/usbd_core.o
 .debug_abbrev  0x0000000000002953      0x31e build/usbd_ctlreq.o
 .debug_abbrev  0x0000000000002c71      0x1f0 build/usbd_ioreq.o
 .debug_abbrev  0x0000000000002e61      0x335 build/usbd_cdc.o
 .debug_abbrev  0x0000000000003196       0x12 build/startup_stm32f070x6.o

.debug_loc      0x0000000000000000     0x5f12
 .debug_loc     0x0000000000000000      0x165 build/main.o
 .debug_loc     0x0000000000000165       0x20 build/usb_device.o
 .debug_loc     0x0000000000000185      0xfa1 build/usbd_conf.o
 .debug_loc     0x0000000000001126      0x357 build/usbd_desc.o
 .debug_loc     0x000000000000147d      0x1a3 build/usbd_cdc_if.o
 .debug_loc     0x0000000000001620       0x40 build/stm32f0xx_it.o
 .debug_loc     0x0000000000001660       0x20 build/stm32f0xx_hal_msp.o
 .debug_loc     0x0000000000001680     0x146d build/stm32f0xx_hal_pcd.o
 .debug_loc     0x0000000000002aed      0x10a build/stm32f0xx_hal_pcd_ex.o
 .debug_loc     0x0000000000002bf7      0x558 build/stm32f0xx_hal_rcc.o
 .debug_loc     0x000000000000314f      0x540 build/stm32f0xx_hal_rcc_ex.o
 .debug_loc     0x000000000000368f      0x108 build/stm32f0xx_hal.o
 .debug_loc     0x0000000000003797      0x3a2 build/stm32f0xx_hal_gpio.o
 .debug_loc     0x0000000000003b39      0x3d3 build/stm32f0xx_hal_cortex.o
 .debug_loc     0x0000000000003f0c      0x140 build/system_stm32f0xx.o
 .debug_loc     0x000000000000404c      0x8c4 build/usbd_core.o
 .debug_loc     0x0000000000004910      0xc9d build/usbd_ctlreq.o
 .debug_loc     0x00000000000055ad      0x31c build/usbd_ioreq.o
 .debug_loc     0x00000000000058c9      0x649 build/usbd_cdc.o

.debug_aranges  0x0000000000000000      0x870
 .debug_aranges
                0x0000000000000000       0x48 build/main.o
 .debug_aranges
                0x0000000000000048       0x20 build/usb_device.o
 .debug_aranges
                0x0000000000000068      0x118 build/usbd_conf.o
 .debug_aranges
                0x0000000000000180       0x50 build/usbd_desc.o
 .debug_aranges
                0x00000000000001d0       0x40 build/usbd_cdc_if.o
 .debug_aranges
                0x0000000000000210       0x48 build/stm32f0xx_it.o
 .debug_aranges
                0x0000000000000258       0x20 build/stm32f0xx_hal_msp.o
 .debug_aranges
                0x0000000000000278      0x130 build/stm32f0xx_hal_pcd.o
 .debug_aranges
                0x00000000000003a8       0x20 build/stm32f0xx_hal_pcd_ex.o
 .debug_aranges
                0x00000000000003c8       0x80 build/stm32f0xx_hal_rcc.o
 .debug_aranges
                0x0000000000000448       0x30 build/stm32f0xx_hal_rcc_ex.o
 .debug_aranges
                0x0000000000000478       0xb8 build/stm32f0xx_hal.o
 .debug_aranges
                0x0000000000000530       0x58 build/stm32f0xx_hal_gpio.o
 .debug_aranges
                0x0000000000000588       0x78 build/stm32f0xx_hal_cortex.o
 .debug_aranges
                0x0000000000000600       0x28 build/system_stm32f0xx.o
 .debug_aranges
                0x0000000000000628       0xb8 build/usbd_core.o
 .debug_aranges
                0x00000000000006e0       0x88 build/usbd_ctlreq.o
 .debug_aranges
                0x0000000000000768       0x50 build/usbd_ioreq.o
 .debug_aranges
                0x00000000000007b8       0x90 build/usbd_cdc.o
 .debug_aranges
                0x0000000000000848       0x28 build/startup_stm32f070x6.o

.debug_ranges   0x0000000000000000      0x8b8
 .debug_ranges  0x0000000000000000       0x50 build/main.o
 .debug_ranges  0x0000000000000050       0x10 build/usb_device.o
 .debug_ranges  0x0000000000000060      0x108 build/usbd_conf.o
 .debug_ranges  0x0000000000000168       0x40 build/usbd_desc.o
 .debug_ranges  0x00000000000001a8       0x30 build/usbd_cdc_if.o
 .debug_ranges  0x00000000000001d8       0x38 build/stm32f0xx_it.o
 .debug_ranges  0x0000000000000210       0x10 build/stm32f0xx_hal_msp.o
 .debug_ranges  0x0000000000000220      0x210 build/stm32f0xx_hal_pcd.o
 .debug_ranges  0x0000000000000430       0x10 build/stm32f0xx_hal_pcd_ex.o
 .debug_ranges  0x0000000000000440       0x88 build/stm32f0xx_hal_rcc.o
 .debug_ranges  0x00000000000004c8       0x38 build/stm32f0xx_hal_rcc_ex.o
 .debug_ranges  0x0000000000000500       0xa8 build/stm32f0xx_hal.o
 .debug_ranges  0x00000000000005a8       0x48 build/stm32f0xx_hal_gpio.o
 .debug_ranges  0x00000000000005f0       0xb0 build/stm32f0xx_hal_cortex.o
 .debug_ranges  0x00000000000006a0       0x18 build/system_stm32f0xx.o
 .debug_ranges  0x00000000000006b8       0xa8 build/usbd_core.o
 .debug_ranges  0x0000000000000760       0x78 build/usbd_ctlreq.o
 .debug_ranges  0x00000000000007d8       0x40 build/usbd_ioreq.o
 .debug_ranges  0x0000000000000818       0x80 build/usbd_cdc.o
 .debug_ranges  0x0000000000000898       0x20 build/startup_stm32f070x6.o

.debug_line     0x0000000000000000     0x3d76
 .debug_line    0x0000000000000000      0x2da build/main.o
 .debug_line    0x00000000000002da      0x21c build/usb_device.o
 .debug_line    0x00000000000004f6      0x58c build/usbd_conf.o
 .debug_line    0x0000000000000a82      0x241 build/usbd_desc.o
 .debug_line    0x0000000000000cc3      0x24b build/usbd_cdc_if.o
 .debug_line    0x0000000000000f0e      0x206 build/stm32f0xx_it.o
 .debug_line    0x0000000000001114      0x155 build/stm32f0xx_hal_msp.o
 .debug_line    0x0000000000001269      0x863 build/stm32f0xx_hal_pcd.o
 .debug_line    0x0000000000001acc      0x1cf build/stm32f0xx_hal_pcd_ex.o
 .debug_line    0x0000000000001c9b      0x46c build/stm32f0xx_hal_rcc.o
 .debug_line    0x0000000000002107      0x2f0 build/stm32f0xx_hal_rcc_ex.o
 .debug_line    0x00000000000023f7      0x35e build/stm32f0xx_hal.o
 .debug_line    0x0000000000002755      0x30d build/stm32f0xx_hal_gpio.o
 .debug_line    0x0000000000002a62      0x2fd build/stm32f0xx_hal_cortex.o
 .debug_line    0x0000000000002d5f      0x18b build/system_stm32f0xx.o
 .debug_line    0x0000000000002eea      0x3ec build/usbd_core.o
 .debug_line    0x00000000000032d6      0x3fe build/usbd_ctlreq.o
 .debug_line    0x00000000000036d4      0x252 build/usbd_ioreq.o
 .debug_line    0x0000000000003926      0x3c6 build/usbd_cdc.o
 .debug_line    0x0000000000003cec       0x8a build/startup_stm32f070x6.o

.debug_str      0x0000000000000000     0x2647
 .debug_str     0x0000000000000000      0x8f3 build/main.o
                                        0x977 (size before relaxing)
 .debug_str     0x00000000000008f3      0x3b5 build/usb_device.o
                                        0xa2d (size before relaxing)
 .debug_str     0x0000000000000ca8      0x997 build/usbd_conf.o
                                       0x13bc (size before relaxing)
 .debug_str     0x000000000000163f      0x11a build/usbd_desc.o
                                        0x808 (size before relaxing)
 .debug_str     0x0000000000001759      0x123 build/usbd_cdc_if.o
                                        0xb27 (size before relaxing)
 .debug_str     0x000000000000187c       0x8a build/stm32f0xx_it.o
                                        0x92d (size before relaxing)
 .debug_str     0x0000000000001906       0x24 build/stm32f0xx_hal_msp.o
                                        0x631 (size before relaxing)
 .debug_str     0x000000000000192a      0x18d build/stm32f0xx_hal_pcd.o
                                        0xcc3 (size before relaxing)
 .debug_str     0x0000000000001ab7       0x40 build/stm32f0xx_hal_pcd_ex.o
                                        0x930 (size before relaxing)
 .debug_str     0x0000000000001af7      0x1f8 build/stm32f0xx_hal_rcc.o
                                        0xa10 (size before relaxing)
 .debug_str     0x0000000000001cef       0xb3 build/stm32f0xx_hal_rcc_ex.o
                                        0x808 (size before relaxing)
 .debug_str     0x0000000000001da2      0x1a5 build/stm32f0xx_hal.o
                                        0x9ea (size before relaxing)
 .debug_str     0x0000000000001f47      0x11e build/stm32f0xx_hal_gpio.o
                                        0x837 (size before relaxing)
 .debug_str     0x0000000000002065      0x17c build/stm32f0xx_hal_cortex.o
                                        0x9f2 (size before relaxing)
 .debug_str     0x00000000000021e1       0x38 build/system_stm32f0xx.o
                                        0x65d (size before relaxing)
 .debug_str     0x0000000000002219      0x145 build/usbd_core.o
                                        0xc4d (size before relaxing)
 .debug_str     0x000000000000235e       0xe2 build/usbd_ctlreq.o
                                        0xb67 (size before relaxing)
 .debug_str     0x0000000000002440       0x60 build/usbd_ioreq.o
                                        0xa94 (size before relaxing)
 .debug_str     0x00000000000024a0      0x183 build/usbd_cdc.o
                                        0xcdb (size before relaxing)
 .debug_str     0x0000000000002623       0x24 build/startup_stm32f070x6.o
                                         0x7e (size before relaxing)

.comment        0x0000000000000000       0x7f
 .comment       0x0000000000000000       0x7f build/main.o
                                         0x80 (size before relaxing)
 .comment       0x000000000000007f       0x80 build/usb_device.o
 .comment       0x000000000000007f       0x80 build/usbd_conf.o
 .comment       0x000000000000007f       0x80 build/usbd_desc.o
 .comment       0x000000000000007f       0x80 build/usbd_cdc_if.o
 .comment       0x000000000000007f       0x80 build/stm32f0xx_it.o
 .comment       0x000000000000007f       0x80 build/stm32f0xx_hal_msp.o
 .comment       0x000000000000007f       0x80 build/stm32f0xx_hal_pcd.o
 .comment       0x000000000000007f       0x80 build/stm32f0xx_hal_pcd_ex.o
 .comment       0x000000000000007f       0x80 build/stm32f0xx_hal_rcc.o
 .comment       0x000000000000007f       0x80 build/stm32f0xx_hal_rcc_ex.o
 .comment       0x000000000000007f       0x80 build/stm32f0xx_hal.o
 .comment       0x000000000000007f       0x80 build/stm32f0xx_hal_gpio.o
 .comment       0x000000000000007f       0x80 build/stm32f0xx_hal_cortex.o
 .comment       0x000000000000007f       0x80 build/system_stm32f0xx.o
 .comment       0x000000000000007f       0x80 build/usbd_core.o
 .comment       0x000000000000007f       0x80 build/usbd_ctlreq.o
 .comment       0x000000000000007f       0x80 build/usbd_ioreq.o
 .comment       0x000000000000007f       0x80 build/usbd_cdc.o

.debug_frame    0x0000000000000000     0x14ec
 .debug_frame   0x0000000000000000       0xc0 build/main.o
 .debug_frame   0x00000000000000c0       0x2c build/usb_device.o
 .debug_frame   0x00000000000000ec      0x368 build/usbd_conf.o
 .debug_frame   0x0000000000000454       0xbc build/usbd_desc.o
 .debug_frame   0x0000000000000510       0x84 build/usbd_cdc_if.o
 .debug_frame   0x0000000000000594       0x88 build/stm32f0xx_it.o
 .debug_frame   0x000000000000061c       0x24 build/stm32f0xx_hal_msp.o
 .debug_frame   0x0000000000000640      0x324 build/stm32f0xx_hal_pcd.o
 .debug_frame   0x0000000000000964       0x2c build/stm32f0xx_hal_pcd_ex.o
 .debug_frame   0x0000000000000990      0x14c build/stm32f0xx_hal_rcc.o
 .debug_frame   0x0000000000000adc       0x60 build/stm32f0xx_hal_rcc_ex.o
 .debug_frame   0x0000000000000b3c      0x184 build/stm32f0xx_hal.o
 .debug_frame   0x0000000000000cc0       0xdc build/stm32f0xx_hal_gpio.o
 .debug_frame   0x0000000000000d9c       0xec build/stm32f0xx_hal_cortex.o
 .debug_frame   0x0000000000000e88       0x3c build/system_stm32f0xx.o
 .debug_frame   0x0000000000000ec4      0x1ec build/usbd_core.o
 .debug_frame   0x00000000000010b0      0x198 build/usbd_ctlreq.o
 .debug_frame   0x0000000000001248       0xd4 build/usbd_ioreq.o
 .debug_frame   0x000000000000131c      0x164 build/usbd_cdc.o
 .debug_frame   0x0000000000001480       0x2c /usr/bin/../lib/gcc/arm-none-eabi/7.3.1/../../../../arm-none-eabi/lib/thumb/v6-m/libc_nano.a(lib_a-init.o)
 .debug_frame   0x00000000000014ac       0x20 /usr/bin/../lib/gcc/arm-none-eabi/7.3.1/../../../../arm-none-eabi/lib/thumb/v6-m/libc_nano.a(lib_a-memset.o)
 .debug_frame   0x00000000000014cc       0x20 /usr/bin/../lib/gcc/arm-none-eabi/7.3.1/thumb/v6-m/libgcc.a(_udivsi3.o)

Cross Reference Table

Symbol                                            File
ADC1_IRQHandler                                   build/startup_stm32f070x6.o
AHBPrescTable                                     build/system_stm32f0xx.o
                                                  build/stm32f0xx_hal_rcc.o
APBPrescTable                                     build/system_stm32f0xx.o
                                                  build/stm32f0xx_hal_rcc.o
CDC_Transmit_FS                                   build/usbd_cdc_if.o
DMA1_Channel1_IRQHandler                          build/startup_stm32f070x6.o
DMA1_Channel2_3_IRQHandler                        build/startup_stm32f070x6.o
DMA1_Channel4_5_IRQHandler                        build/startup_stm32f070x6.o
Default_Handler                                   build/startup_stm32f070x6.o
EXTI0_1_IRQHandler                                build/startup_stm32f070x6.o
EXTI2_3_IRQHandler                                build/startup_stm32f070x6.o
EXTI4_15_IRQHandler                               build/startup_stm32f070x6.o
Error_Handler                                     build/main.o
                                                  build/usbd_conf.o
FLASH_IRQHandler                                  build/startup_stm32f070x6.o
FLASH_PageErase                                   build/stm32f0xx_hal_flash_ex.o
                                                  build/stm32f0xx_hal_flash.o
FLASH_WaitForLastOperation                        build/stm32f0xx_hal_flash.o
                                                  build/stm32f0xx_hal_flash_ex.o
FS_Desc                                           build/usbd_desc.o
                                                  build/usb_device.o
HAL_DBGMCU_DisableDBGStandbyMode                  build/stm32f0xx_hal.o
HAL_DBGMCU_DisableDBGStopMode                     build/stm32f0xx_hal.o
HAL_DBGMCU_EnableDBGStandbyMode                   build/stm32f0xx_hal.o
HAL_DBGMCU_EnableDBGStopMode                      build/stm32f0xx_hal.o
HAL_DMA_Abort                                     build/stm32f0xx_hal_dma.o
HAL_DMA_Abort_IT                                  build/stm32f0xx_hal_dma.o
                                                  build/stm32f0xx_hal_i2c.o
HAL_DMA_DeInit                                    build/stm32f0xx_hal_dma.o
HAL_DMA_GetError                                  build/stm32f0xx_hal_dma.o
HAL_DMA_GetState                                  build/stm32f0xx_hal_dma.o
HAL_DMA_IRQHandler                                build/stm32f0xx_hal_dma.o
HAL_DMA_Init                                      build/stm32f0xx_hal_dma.o
HAL_DMA_PollForTransfer                           build/stm32f0xx_hal_dma.o
HAL_DMA_RegisterCallback                          build/stm32f0xx_hal_dma.o
HAL_DMA_Start                                     build/stm32f0xx_hal_dma.o
HAL_DMA_Start_IT                                  build/stm32f0xx_hal_dma.o
                                                  build/stm32f0xx_hal_i2c.o
HAL_DMA_UnRegisterCallback                        build/stm32f0xx_hal_dma.o
HAL_DeInit                                        build/stm32f0xx_hal.o
HAL_Delay                                         build/stm32f0xx_hal.o
                                                  build/usbd_conf.o
                                                  build/main.o
HAL_FLASHEx_Erase                                 build/stm32f0xx_hal_flash_ex.o
HAL_FLASHEx_Erase_IT                              build/stm32f0xx_hal_flash_ex.o
HAL_FLASHEx_OBErase                               build/stm32f0xx_hal_flash_ex.o
HAL_FLASHEx_OBGetConfig                           build/stm32f0xx_hal_flash_ex.o
HAL_FLASHEx_OBGetUserData                         build/stm32f0xx_hal_flash_ex.o
HAL_FLASHEx_OBProgram                             build/stm32f0xx_hal_flash_ex.o
HAL_FLASH_EndOfOperationCallback                  build/stm32f0xx_hal_flash.o
HAL_FLASH_GetError                                build/stm32f0xx_hal_flash.o
HAL_FLASH_IRQHandler                              build/stm32f0xx_hal_flash.o
HAL_FLASH_Lock                                    build/stm32f0xx_hal_flash.o
HAL_FLASH_OB_Launch                               build/stm32f0xx_hal_flash.o
HAL_FLASH_OB_Lock                                 build/stm32f0xx_hal_flash.o
HAL_FLASH_OB_Unlock                               build/stm32f0xx_hal_flash.o
HAL_FLASH_OperationErrorCallback                  build/stm32f0xx_hal_flash.o
HAL_FLASH_Program                                 build/stm32f0xx_hal_flash.o
HAL_FLASH_Program_IT                              build/stm32f0xx_hal_flash.o
HAL_FLASH_Unlock                                  build/stm32f0xx_hal_flash.o
HAL_GPIO_DeInit                                   build/stm32f0xx_hal_gpio.o
HAL_GPIO_EXTI_Callback                            build/stm32f0xx_hal_gpio.o
HAL_GPIO_EXTI_IRQHandler                          build/stm32f0xx_hal_gpio.o
HAL_GPIO_Init                                     build/stm32f0xx_hal_gpio.o
                                                  build/stm32f0xx_hal_rcc.o
                                                  build/main.o
HAL_GPIO_LockPin                                  build/stm32f0xx_hal_gpio.o
HAL_GPIO_ReadPin                                  build/stm32f0xx_hal_gpio.o
HAL_GPIO_TogglePin                                build/stm32f0xx_hal_gpio.o
HAL_GPIO_WritePin                                 build/stm32f0xx_hal_gpio.o
                                                  build/main.o
HAL_GetDEVID                                      build/stm32f0xx_hal.o
HAL_GetHalVersion                                 build/stm32f0xx_hal.o
HAL_GetREVID                                      build/stm32f0xx_hal.o
HAL_GetTick                                       build/stm32f0xx_hal.o
                                                  build/stm32f0xx_hal_flash.o
                                                  build/stm32f0xx_hal_dma.o
                                                  build/stm32f0xx_hal_i2c.o
                                                  build/stm32f0xx_hal_rcc_ex.o
                                                  build/stm32f0xx_hal_rcc.o
HAL_GetUIDw0                                      build/stm32f0xx_hal.o
HAL_GetUIDw1                                      build/stm32f0xx_hal.o
HAL_GetUIDw2                                      build/stm32f0xx_hal.o
HAL_I2CEx_ConfigAnalogFilter                      build/stm32f0xx_hal_i2c_ex.o
HAL_I2CEx_ConfigDigitalFilter                     build/stm32f0xx_hal_i2c_ex.o
HAL_I2CEx_DisableFastModePlus                     build/stm32f0xx_hal_i2c_ex.o
HAL_I2CEx_EnableFastModePlus                      build/stm32f0xx_hal_i2c_ex.o
HAL_I2C_AbortCpltCallback                         build/stm32f0xx_hal_i2c.o
HAL_I2C_AddrCallback                              build/stm32f0xx_hal_i2c.o
HAL_I2C_DeInit                                    build/stm32f0xx_hal_i2c.o
HAL_I2C_DisableListen_IT                          build/stm32f0xx_hal_i2c.o
HAL_I2C_ER_IRQHandler                             build/stm32f0xx_hal_i2c.o
HAL_I2C_EV_IRQHandler                             build/stm32f0xx_hal_i2c.o
HAL_I2C_EnableListen_IT                           build/stm32f0xx_hal_i2c.o
HAL_I2C_ErrorCallback                             build/stm32f0xx_hal_i2c.o
HAL_I2C_GetError                                  build/stm32f0xx_hal_i2c.o
HAL_I2C_GetMode                                   build/stm32f0xx_hal_i2c.o
HAL_I2C_GetState                                  build/stm32f0xx_hal_i2c.o
HAL_I2C_Init                                      build/stm32f0xx_hal_i2c.o
HAL_I2C_IsDeviceReady                             build/stm32f0xx_hal_i2c.o
HAL_I2C_ListenCpltCallback                        build/stm32f0xx_hal_i2c.o
HAL_I2C_MasterRxCpltCallback                      build/stm32f0xx_hal_i2c.o
HAL_I2C_MasterTxCpltCallback                      build/stm32f0xx_hal_i2c.o
HAL_I2C_Master_Abort_IT                           build/stm32f0xx_hal_i2c.o
HAL_I2C_Master_Receive                            build/stm32f0xx_hal_i2c.o
HAL_I2C_Master_Receive_DMA                        build/stm32f0xx_hal_i2c.o
HAL_I2C_Master_Receive_IT                         build/stm32f0xx_hal_i2c.o
HAL_I2C_Master_Sequential_Receive_IT              build/stm32f0xx_hal_i2c.o
HAL_I2C_Master_Sequential_Transmit_IT             build/stm32f0xx_hal_i2c.o
HAL_I2C_Master_Transmit                           build/stm32f0xx_hal_i2c.o
HAL_I2C_Master_Transmit_DMA                       build/stm32f0xx_hal_i2c.o
HAL_I2C_Master_Transmit_IT                        build/stm32f0xx_hal_i2c.o
HAL_I2C_MemRxCpltCallback                         build/stm32f0xx_hal_i2c.o
HAL_I2C_MemTxCpltCallback                         build/stm32f0xx_hal_i2c.o
HAL_I2C_Mem_Read                                  build/stm32f0xx_hal_i2c.o
HAL_I2C_Mem_Read_DMA                              build/stm32f0xx_hal_i2c.o
HAL_I2C_Mem_Read_IT                               build/stm32f0xx_hal_i2c.o
HAL_I2C_Mem_Write                                 build/stm32f0xx_hal_i2c.o
HAL_I2C_Mem_Write_DMA                             build/stm32f0xx_hal_i2c.o
HAL_I2C_Mem_Write_IT                              build/stm32f0xx_hal_i2c.o
HAL_I2C_MspDeInit                                 build/stm32f0xx_hal_i2c.o
HAL_I2C_MspInit                                   build/stm32f0xx_hal_i2c.o
HAL_I2C_SlaveRxCpltCallback                       build/stm32f0xx_hal_i2c.o
HAL_I2C_SlaveTxCpltCallback                       build/stm32f0xx_hal_i2c.o
HAL_I2C_Slave_Receive                             build/stm32f0xx_hal_i2c.o
HAL_I2C_Slave_Receive_DMA                         build/stm32f0xx_hal_i2c.o
HAL_I2C_Slave_Receive_IT                          build/stm32f0xx_hal_i2c.o
HAL_I2C_Slave_Sequential_Receive_IT               build/stm32f0xx_hal_i2c.o
HAL_I2C_Slave_Sequential_Transmit_IT              build/stm32f0xx_hal_i2c.o
HAL_I2C_Slave_Transmit                            build/stm32f0xx_hal_i2c.o
HAL_I2C_Slave_Transmit_DMA                        build/stm32f0xx_hal_i2c.o
HAL_I2C_Slave_Transmit_IT                         build/stm32f0xx_hal_i2c.o
HAL_IncTick                                       build/stm32f0xx_hal.o
                                                  build/stm32f0xx_it.o
HAL_Init                                          build/stm32f0xx_hal.o
                                                  build/main.o
HAL_InitTick                                      build/stm32f0xx_hal.o
                                                  build/stm32f0xx_hal_rcc.o
HAL_MspDeInit                                     build/stm32f0xx_hal.o
HAL_MspInit                                       build/stm32f0xx_hal_msp.o
HAL_NVIC_ClearPendingIRQ                          build/stm32f0xx_hal_cortex.o
HAL_NVIC_DisableIRQ                               build/stm32f0xx_hal_cortex.o
                                                  build/usbd_conf.o
HAL_NVIC_EnableIRQ                                build/stm32f0xx_hal_cortex.o
                                                  build/usbd_conf.o
HAL_NVIC_GetPendingIRQ                            build/stm32f0xx_hal_cortex.o
HAL_NVIC_GetPriority                              build/stm32f0xx_hal_cortex.o
HAL_NVIC_SetPendingIRQ                            build/stm32f0xx_hal_cortex.o
HAL_NVIC_SetPriority                              build/stm32f0xx_hal_cortex.o
                                                  build/stm32f0xx_hal.o
                                                  build/usbd_conf.o
HAL_NVIC_SystemReset                              build/stm32f0xx_hal_cortex.o
HAL_PCDEx_PMAConfig                               build/stm32f0xx_hal_pcd_ex.o
                                                  build/usbd_conf.o
HAL_PCDEx_SetConnectionState                      build/usbd_conf.o
HAL_PCD_ActivateRemoteWakeup                      build/stm32f0xx_hal_pcd.o
HAL_PCD_ConnectCallback                           build/usbd_conf.o
HAL_PCD_DataInStageCallback                       build/usbd_conf.o
HAL_PCD_DataOutStageCallback                      build/usbd_conf.o
HAL_PCD_DeActivateRemoteWakeup                    build/stm32f0xx_hal_pcd.o
HAL_PCD_DeInit                                    build/stm32f0xx_hal_pcd.o
                                                  build/usbd_conf.o
HAL_PCD_DevConnect                                build/stm32f0xx_hal_pcd.o
HAL_PCD_DevDisconnect                             build/stm32f0xx_hal_pcd.o
HAL_PCD_DisconnectCallback                        build/usbd_conf.o
HAL_PCD_EP_Close                                  build/stm32f0xx_hal_pcd.o
                                                  build/usbd_conf.o
HAL_PCD_EP_ClrStall                               build/stm32f0xx_hal_pcd.o
                                                  build/usbd_conf.o
HAL_PCD_EP_Flush                                  build/stm32f0xx_hal_pcd.o
                                                  build/usbd_conf.o
HAL_PCD_EP_GetRxCount                             build/stm32f0xx_hal_pcd.o
                                                  build/usbd_conf.o
HAL_PCD_EP_Open                                   build/stm32f0xx_hal_pcd.o
                                                  build/usbd_conf.o
HAL_PCD_EP_Receive                                build/stm32f0xx_hal_pcd.o
                                                  build/usbd_conf.o
HAL_PCD_EP_SetStall                               build/stm32f0xx_hal_pcd.o
                                                  build/usbd_conf.o
HAL_PCD_EP_Transmit                               build/stm32f0xx_hal_pcd.o
                                                  build/usbd_conf.o
HAL_PCD_GetState                                  build/stm32f0xx_hal_pcd.o
HAL_PCD_IRQHandler                                build/stm32f0xx_hal_pcd.o
                                                  build/stm32f0xx_it.o
HAL_PCD_ISOINIncompleteCallback                   build/usbd_conf.o
HAL_PCD_ISOOUTIncompleteCallback                  build/usbd_conf.o
HAL_PCD_Init                                      build/stm32f0xx_hal_pcd.o
                                                  build/usbd_conf.o
HAL_PCD_MspDeInit                                 build/usbd_conf.o
HAL_PCD_MspInit                                   build/usbd_conf.o
HAL_PCD_ResetCallback                             build/usbd_conf.o
HAL_PCD_ResumeCallback                            build/usbd_conf.o
HAL_PCD_SOFCallback                               build/usbd_conf.o
HAL_PCD_SetAddress                                build/stm32f0xx_hal_pcd.o
                                                  build/usbd_conf.o
HAL_PCD_SetupStageCallback                        build/usbd_conf.o
HAL_PCD_Start                                     build/stm32f0xx_hal_pcd.o
                                                  build/usbd_conf.o
HAL_PCD_Stop                                      build/stm32f0xx_hal_pcd.o
                                                  build/usbd_conf.o
HAL_PCD_SuspendCallback                           build/usbd_conf.o
HAL_PWR_DeInit                                    build/stm32f0xx_hal_pwr.o
HAL_PWR_DisableBkUpAccess                         build/stm32f0xx_hal_pwr.o
HAL_PWR_DisableSEVOnPend                          build/stm32f0xx_hal_pwr.o
HAL_PWR_DisableSleepOnExit                        build/stm32f0xx_hal_pwr.o
HAL_PWR_DisableWakeUpPin                          build/stm32f0xx_hal_pwr.o
HAL_PWR_EnableBkUpAccess                          build/stm32f0xx_hal_pwr.o
HAL_PWR_EnableSEVOnPend                           build/stm32f0xx_hal_pwr.o
HAL_PWR_EnableSleepOnExit                         build/stm32f0xx_hal_pwr.o
HAL_PWR_EnableWakeUpPin                           build/stm32f0xx_hal_pwr.o
HAL_PWR_EnterSLEEPMode                            build/stm32f0xx_hal_pwr.o
HAL_PWR_EnterSTANDBYMode                          build/stm32f0xx_hal_pwr.o
HAL_PWR_EnterSTOPMode                             build/stm32f0xx_hal_pwr.o
HAL_RCCEx_GetPeriphCLKConfig                      build/stm32f0xx_hal_rcc_ex.o
HAL_RCCEx_GetPeriphCLKFreq                        build/stm32f0xx_hal_rcc_ex.o
HAL_RCCEx_PeriphCLKConfig                         build/stm32f0xx_hal_rcc_ex.o
                                                  build/main.o
HAL_RCC_CSSCallback                               build/stm32f0xx_hal_rcc.o
HAL_RCC_ClockConfig                               build/stm32f0xx_hal_rcc.o
                                                  build/main.o
HAL_RCC_DeInit                                    build/stm32f0xx_hal_rcc.o
HAL_RCC_DisableCSS                                build/stm32f0xx_hal_rcc.o
HAL_RCC_EnableCSS                                 build/stm32f0xx_hal_rcc.o
HAL_RCC_GetClockConfig                            build/stm32f0xx_hal_rcc.o
HAL_RCC_GetHCLKFreq                               build/stm32f0xx_hal_rcc.o
                                                  build/stm32f0xx_hal.o
HAL_RCC_GetOscConfig                              build/stm32f0xx_hal_rcc.o
HAL_RCC_GetPCLK1Freq                              build/stm32f0xx_hal_rcc.o
                                                  build/stm32f0xx_hal_rcc_ex.o
HAL_RCC_GetSysClockFreq                           build/stm32f0xx_hal_rcc.o
                                                  build/stm32f0xx_hal_rcc_ex.o
HAL_RCC_MCOConfig                                 build/stm32f0xx_hal_rcc.o
HAL_RCC_NMI_IRQHandler                            build/stm32f0xx_hal_rcc.o
HAL_RCC_OscConfig                                 build/stm32f0xx_hal_rcc.o
                                                  build/main.o
HAL_ResumeTick                                    build/stm32f0xx_hal.o
HAL_SYSTICK_CLKSourceConfig                       build/stm32f0xx_hal_cortex.o
HAL_SYSTICK_Callback                              build/stm32f0xx_hal_cortex.o
HAL_SYSTICK_Config                                build/stm32f0xx_hal_cortex.o
                                                  build/stm32f0xx_hal.o
HAL_SYSTICK_IRQHandler                            build/stm32f0xx_hal_cortex.o
HAL_SuspendTick                                   build/stm32f0xx_hal.o
HardFault_Handler                                 build/stm32f0xx_it.o
I2C1_IRQHandler                                   build/startup_stm32f070x6.o
MX_USB_DEVICE_Init                                build/usb_device.o
                                                  build/main.o
NMI_Handler                                       build/stm32f0xx_it.o
PCD_ReadPMA                                       build/stm32f0xx_hal_pcd.o
PCD_WritePMA                                      build/stm32f0xx_hal_pcd.o
PendSV_Handler                                    build/stm32f0xx_it.o
RCC_IRQHandler                                    build/startup_stm32f070x6.o
RTC_IRQHandler                                    build/startup_stm32f070x6.o
Reset_Handler                                     build/startup_stm32f070x6.o
SPI1_IRQHandler                                   build/startup_stm32f070x6.o
SVC_Handler                                       build/stm32f0xx_it.o
SysTick_Handler                                   build/stm32f0xx_it.o
SystemClock_Config                                build/main.o
                                                  build/usbd_conf.o
SystemCoreClock                                   build/system_stm32f0xx.o
                                                  build/stm32f0xx_hal_rcc.o
SystemCoreClockUpdate                             build/system_stm32f0xx.o
SystemInit                                        build/system_stm32f0xx.o
                                                  build/startup_stm32f070x6.o
TIM14_IRQHandler                                  build/startup_stm32f070x6.o
TIM16_IRQHandler                                  build/startup_stm32f070x6.o
TIM17_IRQHandler                                  build/startup_stm32f070x6.o
TIM1_BRK_UP_TRG_COM_IRQHandler                    build/startup_stm32f070x6.o
TIM1_CC_IRQHandler                                build/startup_stm32f070x6.o
TIM3_IRQHandler                                   build/startup_stm32f070x6.o
USART1_IRQHandler                                 build/startup_stm32f070x6.o
USART2_IRQHandler                                 build/startup_stm32f070x6.o
USBD_CDC                                          build/usbd_cdc.o
                                                  build/usb_device.o
USBD_CDC_CfgFSDesc                                build/usbd_cdc.o
USBD_CDC_CfgHSDesc                                build/usbd_cdc.o
USBD_CDC_GetDeviceQualifierDescriptor             build/usbd_cdc.o
USBD_CDC_OtherSpeedCfgDesc                        build/usbd_cdc.o
USBD_CDC_ReceivePacket                            build/usbd_cdc.o
                                                  build/usbd_cdc_if.o
USBD_CDC_RegisterInterface                        build/usbd_cdc.o
                                                  build/usb_device.o
USBD_CDC_SetRxBuffer                              build/usbd_cdc.o
                                                  build/usbd_cdc_if.o
USBD_CDC_SetTxBuffer                              build/usbd_cdc.o
                                                  build/usbd_cdc_if.o
USBD_CDC_TransmitPacket                           build/usbd_cdc.o
                                                  build/usbd_cdc_if.o
USBD_ClrClassConfig                               build/usbd_core.o
                                                  build/usbd_ctlreq.o
USBD_CtlContinueRx                                build/usbd_ioreq.o
                                                  build/usbd_core.o
USBD_CtlContinueSendData                          build/usbd_ioreq.o
                                                  build/usbd_core.o
USBD_CtlError                                     build/usbd_ctlreq.o
USBD_CtlPrepareRx                                 build/usbd_ioreq.o
                                                  build/usbd_cdc.o
USBD_CtlReceiveStatus                             build/usbd_ioreq.o
                                                  build/usbd_core.o
USBD_CtlSendData                                  build/usbd_ioreq.o
                                                  build/usbd_cdc.o
                                                  build/usbd_ctlreq.o
USBD_CtlSendStatus                                build/usbd_ioreq.o
                                                  build/usbd_ctlreq.o
                                                  build/usbd_core.o
USBD_DeInit                                       build/usbd_core.o
USBD_FS_ConfigStrDescriptor                       build/usbd_desc.o
USBD_FS_DeviceDesc                                build/usbd_desc.o
USBD_FS_DeviceDescriptor                          build/usbd_desc.o
USBD_FS_InterfaceStrDescriptor                    build/usbd_desc.o
USBD_FS_LangIDStrDescriptor                       build/usbd_desc.o
USBD_FS_ManufacturerStrDescriptor                 build/usbd_desc.o
USBD_FS_ProductStrDescriptor                      build/usbd_desc.o
USBD_FS_SerialStrDescriptor                       build/usbd_desc.o
USBD_GetRxCount                                   build/usbd_ioreq.o
USBD_GetString                                    build/usbd_ctlreq.o
                                                  build/usbd_desc.o
USBD_Init                                         build/usbd_core.o
                                                  build/usb_device.o
USBD_Interface_fops_FS                            build/usbd_cdc_if.o
                                                  build/usb_device.o
USBD_LL_ClearStallEP                              build/usbd_conf.o
                                                  build/usbd_ctlreq.o
USBD_LL_CloseEP                                   build/usbd_conf.o
                                                  build/usbd_cdc.o
USBD_LL_DataInStage                               build/usbd_core.o
                                                  build/usbd_conf.o
USBD_LL_DataOutStage                              build/usbd_core.o
                                                  build/usbd_conf.o
USBD_LL_DeInit                                    build/usbd_conf.o
                                                  build/usbd_core.o
USBD_LL_Delay                                     build/usbd_conf.o
USBD_LL_DevConnected                              build/usbd_core.o
                                                  build/usbd_conf.o
USBD_LL_DevDisconnected                           build/usbd_core.o
                                                  build/usbd_conf.o
USBD_LL_FlushEP                                   build/usbd_conf.o
USBD_LL_GetRxDataSize                             build/usbd_conf.o
                                                  build/usbd_cdc.o
                                                  build/usbd_ioreq.o
USBD_LL_Init                                      build/usbd_conf.o
                                                  build/usbd_core.o
USBD_LL_IsStallEP                                 build/usbd_conf.o
                                                  build/usbd_ctlreq.o
USBD_LL_IsoINIncomplete                           build/usbd_core.o
                                                  build/usbd_conf.o
USBD_LL_IsoOUTIncomplete                          build/usbd_core.o
                                                  build/usbd_conf.o
USBD_LL_OpenEP                                    build/usbd_conf.o
                                                  build/usbd_cdc.o
                                                  build/usbd_core.o
USBD_LL_PrepareReceive                            build/usbd_conf.o
                                                  build/usbd_cdc.o
                                                  build/usbd_ioreq.o
                                                  build/usbd_core.o
USBD_LL_Reset                                     build/usbd_core.o
                                                  build/usbd_conf.o
USBD_LL_Resume                                    build/usbd_core.o
                                                  build/usbd_conf.o
USBD_LL_SOF                                       build/usbd_core.o
                                                  build/usbd_conf.o
USBD_LL_SetSpeed                                  build/usbd_core.o
                                                  build/usbd_conf.o
USBD_LL_SetUSBAddress                             build/usbd_conf.o
                                                  build/usbd_ctlreq.o
USBD_LL_SetupStage                                build/usbd_core.o
                                                  build/usbd_conf.o
USBD_LL_StallEP                                   build/usbd_conf.o
                                                  build/usbd_ctlreq.o
                                                  build/usbd_core.o
USBD_LL_Start                                     build/usbd_conf.o
                                                  build/usbd_core.o
USBD_LL_Stop                                      build/usbd_conf.o
                                                  build/usbd_core.o
USBD_LL_Suspend                                   build/usbd_core.o
                                                  build/usbd_conf.o
USBD_LL_Transmit                                  build/usbd_conf.o
                                                  build/usbd_cdc.o
                                                  build/usbd_ioreq.o
USBD_LangIDDesc                                   build/usbd_desc.o
USBD_ParseSetupRequest                            build/usbd_ctlreq.o
                                                  build/usbd_core.o
USBD_RegisterClass                                build/usbd_core.o
                                                  build/usb_device.o
USBD_RunTestMode                                  build/usbd_core.o
USBD_SetClassConfig                               build/usbd_core.o
                                                  build/usbd_ctlreq.o
USBD_Start                                        build/usbd_core.o
                                                  build/usb_device.o
USBD_StdDevReq                                    build/usbd_ctlreq.o
                                                  build/usbd_core.o
USBD_StdEPReq                                     build/usbd_ctlreq.o
                                                  build/usbd_core.o
USBD_StdItfReq                                    build/usbd_ctlreq.o
                                                  build/usbd_core.o
USBD_Stop                                         build/usbd_core.o
USBD_StrDesc                                      build/usbd_desc.o
USBD_static_free                                  build/usbd_conf.o
                                                  build/usbd_cdc.o
USBD_static_malloc                                build/usbd_conf.o
                                                  build/usbd_cdc.o
USB_IRQHandler                                    build/stm32f0xx_it.o
UserRxBufferFS                                    build/usbd_cdc_if.o
UserTxBufferFS                                    build/usbd_cdc_if.o
WWDG_IRQHandler                                   build/startup_stm32f070x6.o
__aeabi_idiv0                                     /usr/bin/../lib/gcc/arm-none-eabi/7.3.1/thumb/v6-m/libgcc.a(_dvmd_tls.o)
                                                  /usr/bin/../lib/gcc/arm-none-eabi/7.3.1/thumb/v6-m/libgcc.a(_udivsi3.o)
__aeabi_ldiv0                                     /usr/bin/../lib/gcc/arm-none-eabi/7.3.1/thumb/v6-m/libgcc.a(_dvmd_tls.o)
__aeabi_uidiv                                     /usr/bin/../lib/gcc/arm-none-eabi/7.3.1/thumb/v6-m/libgcc.a(_udivsi3.o)
                                                  build/system_stm32f0xx.o
                                                  build/stm32f0xx_hal_dma.o
                                                  build/stm32f0xx_hal.o
                                                  build/stm32f0xx_hal_rcc_ex.o
                                                  build/stm32f0xx_hal_rcc.o
__aeabi_uidivmod                                  /usr/bin/../lib/gcc/arm-none-eabi/7.3.1/thumb/v6-m/libgcc.a(_udivsi3.o)
                                                  build/usbd_core.o
__bss_end__                                       /usr/bin/../lib/gcc/arm-none-eabi/7.3.1/../../../../arm-none-eabi/lib/thumb/v6-m/crt0.o
__bss_start__                                     /usr/bin/../lib/gcc/arm-none-eabi/7.3.1/../../../../arm-none-eabi/lib/thumb/v6-m/crt0.o
__call_exitprocs                                  /usr/bin/../lib/gcc/arm-none-eabi/7.3.1/../../../../arm-none-eabi/lib/thumb/v6-m/libc_nano.a(lib_a-exit.o)
__deregister_frame_info                           /usr/bin/../lib/gcc/arm-none-eabi/7.3.1/thumb/v6-m/crtbegin.o
__dso_handle                                      /usr/bin/../lib/gcc/arm-none-eabi/7.3.1/thumb/v6-m/crtbegin.o
__init_array_end                                  /usr/bin/../lib/gcc/arm-none-eabi/7.3.1/../../../../arm-none-eabi/lib/thumb/v6-m/libc_nano.a(lib_a-init.o)
__init_array_start                                /usr/bin/../lib/gcc/arm-none-eabi/7.3.1/../../../../arm-none-eabi/lib/thumb/v6-m/libc_nano.a(lib_a-init.o)
__libc_fini_array                                 /usr/bin/../lib/gcc/arm-none-eabi/7.3.1/../../../../arm-none-eabi/lib/thumb/v6-m/crt0.o
__libc_init_array                                 /usr/bin/../lib/gcc/arm-none-eabi/7.3.1/../../../../arm-none-eabi/lib/thumb/v6-m/libc_nano.a(lib_a-init.o)
                                                  build/startup_stm32f070x6.o
                                                  /usr/bin/../lib/gcc/arm-none-eabi/7.3.1/../../../../arm-none-eabi/lib/thumb/v6-m/crt0.o
__preinit_array_end                               /usr/bin/../lib/gcc/arm-none-eabi/7.3.1/../../../../arm-none-eabi/lib/thumb/v6-m/libc_nano.a(lib_a-init.o)
__preinit_array_start                             /usr/bin/../lib/gcc/arm-none-eabi/7.3.1/../../../../arm-none-eabi/lib/thumb/v6-m/libc_nano.a(lib_a-init.o)
__register_frame_info                             /usr/bin/../lib/gcc/arm-none-eabi/7.3.1/thumb/v6-m/crtbegin.o
__sf_fake_stderr                                  /usr/bin/../lib/gcc/arm-none-eabi/7.3.1/../../../../arm-none-eabi/lib/thumb/v6-m/libc_nano.a(lib_a-impure.o)
__sf_fake_stdin                                   /usr/bin/../lib/gcc/arm-none-eabi/7.3.1/../../../../arm-none-eabi/lib/thumb/v6-m/libc_nano.a(lib_a-impure.o)
__sf_fake_stdout                                  /usr/bin/../lib/gcc/arm-none-eabi/7.3.1/../../../../arm-none-eabi/lib/thumb/v6-m/libc_nano.a(lib_a-impure.o)
__stack                                           /usr/bin/../lib/gcc/arm-none-eabi/7.3.1/../../../../arm-none-eabi/lib/thumb/v6-m/crt0.o
__udivsi3                                         /usr/bin/../lib/gcc/arm-none-eabi/7.3.1/thumb/v6-m/libgcc.a(_udivsi3.o)
_ebss                                             build/startup_stm32f070x6.o
_edata                                            build/startup_stm32f070x6.o
_estack                                           build/startup_stm32f070x6.o
_exit                                             /usr/bin/../lib/gcc/arm-none-eabi/7.3.1/../../../../arm-none-eabi/lib/thumb/v6-m/libnosys.a(_exit.o)
                                                  /usr/bin/../lib/gcc/arm-none-eabi/7.3.1/../../../../arm-none-eabi/lib/thumb/v6-m/libc_nano.a(lib_a-exit.o)
_fini                                             /usr/bin/../lib/gcc/arm-none-eabi/7.3.1/thumb/v6-m/crti.o
_global_impure_ptr                                /usr/bin/../lib/gcc/arm-none-eabi/7.3.1/../../../../arm-none-eabi/lib/thumb/v6-m/libc_nano.a(lib_a-impure.o)
                                                  /usr/bin/../lib/gcc/arm-none-eabi/7.3.1/../../../../arm-none-eabi/lib/thumb/v6-m/libc_nano.a(lib_a-exit.o)
_impure_ptr                                       /usr/bin/../lib/gcc/arm-none-eabi/7.3.1/../../../../arm-none-eabi/lib/thumb/v6-m/libc_nano.a(lib_a-impure.o)
_init                                             /usr/bin/../lib/gcc/arm-none-eabi/7.3.1/thumb/v6-m/crti.o
                                                  /usr/bin/../lib/gcc/arm-none-eabi/7.3.1/../../../../arm-none-eabi/lib/thumb/v6-m/libc_nano.a(lib_a-init.o)
_mainCRTStartup                                   /usr/bin/../lib/gcc/arm-none-eabi/7.3.1/../../../../arm-none-eabi/lib/thumb/v6-m/crt0.o
_sbss                                             build/startup_stm32f070x6.o
_sdata                                            build/startup_stm32f070x6.o
_sidata                                           build/startup_stm32f070x6.o
_start                                            /usr/bin/../lib/gcc/arm-none-eabi/7.3.1/../../../../arm-none-eabi/lib/thumb/v6-m/crt0.o
atexit                                            /usr/bin/../lib/gcc/arm-none-eabi/7.3.1/../../../../arm-none-eabi/lib/thumb/v6-m/crt0.o
clear_leds                                        build/main.o
exit                                              /usr/bin/../lib/gcc/arm-none-eabi/7.3.1/../../../../arm-none-eabi/lib/thumb/v6-m/libc_nano.a(lib_a-exit.o)
                                                  /usr/bin/../lib/gcc/arm-none-eabi/7.3.1/../../../../arm-none-eabi/lib/thumb/v6-m/crt0.o
g_pfnVectors                                      build/startup_stm32f070x6.o
hUsbDeviceFS                                      build/usb_device.o
                                                  build/usbd_cdc_if.o
hardware_init_hook                                /usr/bin/../lib/gcc/arm-none-eabi/7.3.1/../../../../arm-none-eabi/lib/thumb/v6-m/crt0.o
hpcd_USB_FS                                       build/usbd_conf.o
                                                  build/stm32f0xx_it.o
main                                              build/main.o
                                                  build/startup_stm32f070x6.o
                                                  /usr/bin/../lib/gcc/arm-none-eabi/7.3.1/../../../../arm-none-eabi/lib/thumb/v6-m/crt0.o
memset                                            /usr/bin/../lib/gcc/arm-none-eabi/7.3.1/../../../../arm-none-eabi/lib/thumb/v6-m/libc_nano.a(lib_a-memset.o)
                                                  build/main.o
                                                  /usr/bin/../lib/gcc/arm-none-eabi/7.3.1/../../../../arm-none-eabi/lib/thumb/v6-m/crt0.o
pFlash                                            build/stm32f0xx_hal_flash.o
                                                  build/stm32f0xx_hal_flash_ex.o
set_led                                           build/main.o
software_init_hook                                /usr/bin/../lib/gcc/arm-none-eabi/7.3.1/../../../../arm-none-eabi/lib/thumb/v6-m/crt0.o
uwTick                                            build/stm32f0xx_hal.o
