Archive member included to satisfy reference by file (symbol)

/usr/bin/../lib/gcc/arm-none-eabi/7.3.1/../../../../arm-none-eabi/lib/thumb/v6-m/libc_nano.a(lib_a-exit.o)
                              /usr/bin/../lib/gcc/arm-none-eabi/7.3.1/../../../../arm-none-eabi/lib/thumb/v6-m/crt0.o (exit)
/usr/bin/../lib/gcc/arm-none-eabi/7.3.1/../../../../arm-none-eabi/lib/thumb/v6-m/libc_nano.a(lib_a-impure.o)
                              /usr/bin/../lib/gcc/arm-none-eabi/7.3.1/../../../../arm-none-eabi/lib/thumb/v6-m/libc_nano.a(lib_a-exit.o) (_global_impure_ptr)
/usr/bin/../lib/gcc/arm-none-eabi/7.3.1/../../../../arm-none-eabi/lib/thumb/v6-m/libc_nano.a(lib_a-init.o)
                              /usr/bin/../lib/gcc/arm-none-eabi/7.3.1/../../../../arm-none-eabi/lib/thumb/v6-m/crt0.o (__libc_init_array)
/usr/bin/../lib/gcc/arm-none-eabi/7.3.1/../../../../arm-none-eabi/lib/thumb/v6-m/libc_nano.a(lib_a-memset.o)
                              /usr/bin/../lib/gcc/arm-none-eabi/7.3.1/../../../../arm-none-eabi/lib/thumb/v6-m/crt0.o (memset)
/usr/bin/../lib/gcc/arm-none-eabi/7.3.1/../../../../arm-none-eabi/lib/thumb/v6-m/libnosys.a(_exit.o)
                              /usr/bin/../lib/gcc/arm-none-eabi/7.3.1/../../../../arm-none-eabi/lib/thumb/v6-m/libc_nano.a(lib_a-exit.o) (_exit)
/usr/bin/../lib/gcc/arm-none-eabi/7.3.1/thumb/v6-m/libgcc.a(_udivsi3.o)
                              build/main.o (__aeabi_uidiv)
/usr/bin/../lib/gcc/arm-none-eabi/7.3.1/thumb/v6-m/libgcc.a(_dvmd_tls.o)
                              /usr/bin/../lib/gcc/arm-none-eabi/7.3.1/thumb/v6-m/libgcc.a(_udivsi3.o) (__aeabi_idiv0)

Allocating common symbols
Common symbol       size              file

uwTick              0x4               build/stm32f0xx_hal.o
pFlash              0x20              build/stm32f0xx_hal_flash.o
htim3               0x40              build/main.o
allow_buzzer        0x1               build/main.o
htim14              0x40              build/main.o
htim16              0x40              build/main.o

Discarded input sections

 .text          0x0000000000000000        0x0 /usr/bin/../lib/gcc/arm-none-eabi/7.3.1/thumb/v6-m/crti.o
 .data          0x0000000000000000        0x0 /usr/bin/../lib/gcc/arm-none-eabi/7.3.1/thumb/v6-m/crti.o
 .bss           0x0000000000000000        0x0 /usr/bin/../lib/gcc/arm-none-eabi/7.3.1/thumb/v6-m/crti.o
 .data          0x0000000000000000        0x4 /usr/bin/../lib/gcc/arm-none-eabi/7.3.1/thumb/v6-m/crtbegin.o
 .text          0x0000000000000000       0x78 /usr/bin/../lib/gcc/arm-none-eabi/7.3.1/../../../../arm-none-eabi/lib/thumb/v6-m/crt0.o
 .data          0x0000000000000000        0x0 /usr/bin/../lib/gcc/arm-none-eabi/7.3.1/../../../../arm-none-eabi/lib/thumb/v6-m/crt0.o
 .bss           0x0000000000000000        0x0 /usr/bin/../lib/gcc/arm-none-eabi/7.3.1/../../../../arm-none-eabi/lib/thumb/v6-m/crt0.o
 .ARM.extab     0x0000000000000000        0x0 /usr/bin/../lib/gcc/arm-none-eabi/7.3.1/../../../../arm-none-eabi/lib/thumb/v6-m/crt0.o
 .ARM.exidx     0x0000000000000000        0x8 /usr/bin/../lib/gcc/arm-none-eabi/7.3.1/../../../../arm-none-eabi/lib/thumb/v6-m/crt0.o
 .ARM.attributes
                0x0000000000000000       0x1b /usr/bin/../lib/gcc/arm-none-eabi/7.3.1/../../../../arm-none-eabi/lib/thumb/v6-m/crt0.o
 .text          0x0000000000000000        0x0 build/main.o
 .data          0x0000000000000000        0x0 build/main.o
 .bss           0x0000000000000000        0x0 build/main.o
 .text.Error_Handler
                0x0000000000000000        0x2 build/main.o
 .text          0x0000000000000000        0x0 build/stm32f0xx_it.o
 .data          0x0000000000000000        0x0 build/stm32f0xx_it.o
 .bss           0x0000000000000000        0x0 build/stm32f0xx_it.o
 .text          0x0000000000000000        0x0 build/stm32f0xx_hal_msp.o
 .data          0x0000000000000000        0x0 build/stm32f0xx_hal_msp.o
 .bss           0x0000000000000000        0x0 build/stm32f0xx_hal_msp.o
 .text.HAL_TIM_Base_MspDeInit
                0x0000000000000000       0x68 build/stm32f0xx_hal_msp.o
 .text          0x0000000000000000        0x0 build/stm32f0xx_hal_tim.o
 .data          0x0000000000000000        0x0 build/stm32f0xx_hal_tim.o
 .bss           0x0000000000000000        0x0 build/stm32f0xx_hal_tim.o
 .text.TIM_TI2_SetConfig
                0x0000000000000000       0x38 build/stm32f0xx_hal_tim.o
 .text.TIM_TI3_SetConfig
                0x0000000000000000       0x3c build/stm32f0xx_hal_tim.o
 .text.TIM_TI4_SetConfig
                0x0000000000000000       0x44 build/stm32f0xx_hal_tim.o
 .text.HAL_TIM_Base_MspInit
                0x0000000000000000        0x2 build/stm32f0xx_hal_tim.o
 .text.HAL_TIM_Base_MspDeInit
                0x0000000000000000        0x2 build/stm32f0xx_hal_tim.o
 .text.HAL_TIM_Base_DeInit
                0x0000000000000000       0x40 build/stm32f0xx_hal_tim.o
 .text.HAL_TIM_Base_Start
                0x0000000000000000       0x18 build/stm32f0xx_hal_tim.o
 .text.HAL_TIM_Base_Stop
[...]
Memory Configuration

Name             Origin             Length             Attributes
RAM              0x0000000020000000 0x0000000000001800 xrw
FLASH            0x0000000008000000 0x0000000000008000 xr
*default*        0x0000000000000000 0xffffffffffffffff

Linker script and memory map

LOAD /usr/bin/../lib/gcc/arm-none-eabi/7.3.1/thumb/v6-m/crti.o
LOAD /usr/bin/../lib/gcc/arm-none-eabi/7.3.1/thumb/v6-m/crtbegin.o
LOAD /usr/bin/../lib/gcc/arm-none-eabi/7.3.1/../../../../arm-none-eabi/lib/thumb/v6-m/crt0.o
LOAD build/main.o
LOAD build/stm32f0xx_it.o
LOAD build/stm32f0xx_hal_msp.o
LOAD build/stm32f0xx_hal_tim.o
LOAD build/stm32f0xx_hal_tim_ex.o
LOAD build/stm32f0xx_hal_rcc.o
LOAD build/stm32f0xx_hal_rcc_ex.o
LOAD build/stm32f0xx_hal.o
LOAD build/stm32f0xx_hal_i2c.o
LOAD build/stm32f0xx_hal_i2c_ex.o
LOAD build/stm32f0xx_hal_gpio.o
LOAD build/stm32f0xx_hal_dma.o
LOAD build/stm32f0xx_hal_cortex.o
LOAD build/stm32f0xx_hal_pwr.o
LOAD build/stm32f0xx_hal_pwr_ex.o
LOAD build/stm32f0xx_hal_flash.o
LOAD build/stm32f0xx_hal_flash_ex.o
LOAD build/system_stm32f0xx.o
LOAD build/startup_stm32f070x6.o
LOAD /usr/bin/../lib/gcc/arm-none-eabi/7.3.1/../../../../arm-none-eabi/lib/thumb/v6-m/libc_nano.a
LOAD /usr/bin/../lib/gcc/arm-none-eabi/7.3.1/../../../../arm-none-eabi/lib/thumb/v6-m/libm.a
LOAD /usr/bin/../lib/gcc/arm-none-eabi/7.3.1/../../../../arm-none-eabi/lib/thumb/v6-m/libnosys.a
START GROUP
LOAD /usr/bin/../lib/gcc/arm-none-eabi/7.3.1/thumb/v6-m/libgcc.a
LOAD /usr/bin/../lib/gcc/arm-none-eabi/7.3.1/../../../../arm-none-eabi/lib/thumb/v6-m/libc_nano.a
END GROUP
START GROUP
LOAD /usr/bin/../lib/gcc/arm-none-eabi/7.3.1/thumb/v6-m/libgcc.a
LOAD /usr/bin/../lib/gcc/arm-none-eabi/7.3.1/../../../../arm-none-eabi/lib/thumb/v6-m/libc_nano.a
END GROUP
LOAD /usr/bin/../lib/gcc/arm-none-eabi/7.3.1/thumb/v6-m/crtend.o
LOAD /usr/bin/../lib/gcc/arm-none-eabi/7.3.1/thumb/v6-m/crtn.o
                0x0000000020001800                _estack = 0x20001800
                0x0000000000000200                _Min_Heap_Size = 0x200
                0x0000000000000400                _Min_Stack_Size = 0x400

.isr_vector     0x0000000008000000       0xc0
                0x0000000008000000                . = ALIGN (0x4)
 *(.isr_vector)
 .isr_vector    0x0000000008000000       0xc0 build/startup_stm32f070x6.o
                0x0000000008000000                g_pfnVectors
                0x00000000080000c0                . = ALIGN (0x4)

.text           0x00000000080000c0     0x1b1c
                0x00000000080000c0                . = ALIGN (0x4)
 *(.text)
 .text          0x00000000080000c0       0x48 /usr/bin/../lib/gcc/arm-none-eabi/7.3.1/thumb/v6-m/crtbegin.o
 .text          0x0000000008000108      0x114 /usr/bin/../lib/gcc/arm-none-eabi/7.3.1/thumb/v6-m/libgcc.a(_udivsi3.o)
                0x0000000008000108                __udivsi3
                0x0000000008000108                __aeabi_uidiv
                0x0000000008000214                __aeabi_uidivmod
 .text          0x000000000800021c        0x4 /usr/bin/../lib/gcc/arm-none-eabi/7.3.1/thumb/v6-m/libgcc.a(_dvmd_tls.o)
                0x000000000800021c                __aeabi_ldiv0
                0x000000000800021c                __aeabi_idiv0
 *(.text*)
 .text.MX_GPIO_Init
                0x0000000008000220       0xac build/main.o
 .text.MX_TIM3_Init
                0x00000000080002cc       0x60 build/main.o
 .text.MX_TIM14_Init
                0x000000000800032c       0x54 build/main.o
 .text.MX_TIM16_Init
                0x0000000008000380       0x80 build/main.o
 .text.clear_leds
                0x0000000008000400       0x24 build/main.o
                0x0000000008000400                clear_leds
 .text.set_led  0x0000000008000424       0x5e build/main.o
                0x0000000008000424                set_led
 *fill*         0x0000000008000482        0x2 
 .text.update_time
                0x0000000008000484       0x54 build/main.o
                0x0000000008000484                update_time
 .text.second_tick
                0x00000000080004d8       0x48 build/main.o
                0x00000000080004d8                second_tick
 .text.pixel    0x0000000008000520       0xd4 build/main.o
                0x0000000008000520                pixel
 .text.SystemClock_Config
                0x00000000080005f4       0x4c build/main.o
                0x00000000080005f4                SystemClock_Config
 .text.main     0x0000000008000640      0x12c build/main.o
                0x0000000008000640                main
 .text.NMI_Handler
                0x000000000800076c        0x2 build/stm32f0xx_it.o
                0x000000000800076c                NMI_Handler
 .text.HardFault_Handler
                0x000000000800076e        0x2 build/stm32f0xx_it.o
                0x000000000800076e                HardFault_Handler
 .text.SVC_Handler
                0x0000000008000770        0x2 build/stm32f0xx_it.o
                0x0000000008000770                SVC_Handler
 .text.PendSV_Handler
                0x0000000008000772        0x2 build/stm32f0xx_it.o
                0x0000000008000772                PendSV_Handler
 .text.SysTick_Handler
                0x0000000008000774        0x8 build/stm32f0xx_it.o
                0x0000000008000774                SysTick_Handler
 .text.TIM3_IRQHandler
                0x000000000800077c       0x14 build/stm32f0xx_it.o
                0x000000000800077c                TIM3_IRQHandler
 .text.TIM14_IRQHandler
                0x0000000008000790       0xcc build/stm32f0xx_it.o
                0x0000000008000790                TIM14_IRQHandler
 .text.TIM16_IRQHandler
                0x000000000800085c       0x14 build/stm32f0xx_it.o
                0x000000000800085c                TIM16_IRQHandler
 .text.HAL_MspInit
                0x0000000008000870       0x30 build/stm32f0xx_hal_msp.o
                0x0000000008000870                HAL_MspInit
 .text.HAL_TIM_Base_MspInit
                0x00000000080008a0       0x9c build/stm32f0xx_hal_msp.o
                0x00000000080008a0                HAL_TIM_Base_MspInit
 .text.TIM_OC1_SetConfig
                0x000000000800093c       0x78 build/stm32f0xx_hal_tim.o
 .text.TIM_OC3_SetConfig
                0x00000000080009b4       0x88 build/stm32f0xx_hal_tim.o
 .text.TIM_OC4_SetConfig
                0x0000000008000a3c       0x68 build/stm32f0xx_hal_tim.o
 .text.TIM_TI1_ConfigInputStage
                0x0000000008000aa4       0x22 build/stm32f0xx_hal_tim.o
 *fill*         0x0000000008000ac6        0x2 
 .text.TIM_TI2_ConfigInputStage
                0x0000000008000ac8       0x28 build/stm32f0xx_hal_tim.o
 .text.TIM_ITRx_SetConfig
                0x0000000008000af0       0x10 build/stm32f0xx_hal_tim.o
 .text.HAL_TIM_Base_Start_IT
                0x0000000008000b00       0x16 build/stm32f0xx_hal_tim.o
                0x0000000008000b00                HAL_TIM_Base_Start_IT
 .text.HAL_TIM_OC_MspInit
                0x0000000008000b16        0x2 build/stm32f0xx_hal_tim.o
                0x0000000008000b16                HAL_TIM_OC_MspInit
 .text.HAL_TIM_PWM_MspInit
                0x0000000008000b18        0x2 build/stm32f0xx_hal_tim.o
                0x0000000008000b18                HAL_TIM_PWM_MspInit
 .text.HAL_TIM_PeriodElapsedCallback
                0x0000000008000b1a        0x2 build/stm32f0xx_hal_tim.o
                0x0000000008000b1a                HAL_TIM_PeriodElapsedCallback
 .text.HAL_TIM_OC_DelayElapsedCallback
                0x0000000008000b1c        0x2 build/stm32f0xx_hal_tim.o
                0x0000000008000b1c                HAL_TIM_OC_DelayElapsedCallback
 .text.HAL_TIM_IC_CaptureCallback
                0x0000000008000b1e        0x2 build/stm32f0xx_hal_tim.o
                0x0000000008000b1e                HAL_TIM_IC_CaptureCallback
 .text.HAL_TIM_PWM_PulseFinishedCallback
                0x0000000008000b20        0x2 build/stm32f0xx_hal_tim.o
                0x0000000008000b20                HAL_TIM_PWM_PulseFinishedCallback
 .text.HAL_TIM_TriggerCallback
                0x0000000008000b22        0x2 build/stm32f0xx_hal_tim.o
                0x0000000008000b22                HAL_TIM_TriggerCallback
 .text.HAL_TIM_IRQHandler
                0x0000000008000b24      0x15a build/stm32f0xx_hal_tim.o
                0x0000000008000b24                HAL_TIM_IRQHandler
 *fill*         0x0000000008000c7e        0x2 
 .text.TIM_Base_SetConfig
                0x0000000008000c80       0x84 build/stm32f0xx_hal_tim.o
                0x0000000008000c80                TIM_Base_SetConfig
 .text.HAL_TIM_Base_Init
                0x0000000008000d04       0x34 build/stm32f0xx_hal_tim.o
                0x0000000008000d04                HAL_TIM_Base_Init
 .text.HAL_TIM_OC_Init
                0x0000000008000d38       0x34 build/stm32f0xx_hal_tim.o
                0x0000000008000d38                HAL_TIM_OC_Init
 .text.HAL_TIM_PWM_Init
                0x0000000008000d6c       0x34 build/stm32f0xx_hal_tim.o
                0x0000000008000d6c                HAL_TIM_PWM_Init
 .text.TIM_OC2_SetConfig
                0x0000000008000da0       0x80 build/stm32f0xx_hal_tim.o
                0x0000000008000da0                TIM_OC2_SetConfig
 .text.HAL_TIM_OC_ConfigChannel
                0x0000000008000e20       0x5c build/stm32f0xx_hal_tim.o
                0x0000000008000e20                HAL_TIM_OC_ConfigChannel
 .text.HAL_TIM_PWM_ConfigChannel
                0x0000000008000e7c       0xec build/stm32f0xx_hal_tim.o
                0x0000000008000e7c                HAL_TIM_PWM_ConfigChannel
 .text.TIM_ETR_SetConfig
                0x0000000008000f68       0x18 build/stm32f0xx_hal_tim.o
                0x0000000008000f68                TIM_ETR_SetConfig
 .text.HAL_TIM_ConfigClockSource
                0x0000000008000f80      0x118 build/stm32f0xx_hal_tim.o
                0x0000000008000f80                HAL_TIM_ConfigClockSource
 .text.HAL_TIMEx_MasterConfigSynchronization
                0x0000000008001098       0x4c build/stm32f0xx_hal_tim_ex.o
                0x0000000008001098                HAL_TIMEx_MasterConfigSynchronization
 .text.HAL_TIMEx_ConfigBreakDeadTime
                0x00000000080010e4       0x7c build/stm32f0xx_hal_tim_ex.o
                0x00000000080010e4                HAL_TIMEx_ConfigBreakDeadTime
 .text.HAL_TIMEx_CommutationCallback
                0x0000000008001160        0x2 build/stm32f0xx_hal_tim_ex.o
                0x0000000008001160                HAL_TIMEx_CommutationCallback
 .text.HAL_TIMEx_BreakCallback
                0x0000000008001162        0x2 build/stm32f0xx_hal_tim_ex.o
                0x0000000008001162                HAL_TIMEx_BreakCallback
 .text.HAL_RCC_OscConfig
                0x0000000008001164      0x468 build/stm32f0xx_hal_rcc.o
                0x0000000008001164                HAL_RCC_OscConfig
 .text.HAL_RCC_GetSysClockFreq
                0x00000000080015cc       0x74 build/stm32f0xx_hal_rcc.o
                0x00000000080015cc                HAL_RCC_GetSysClockFreq
 .text.HAL_RCC_ClockConfig
                0x0000000008001640      0x154 build/stm32f0xx_hal_rcc.o
                0x0000000008001640                HAL_RCC_ClockConfig
 .text.HAL_RCC_GetHCLKFreq
                0x0000000008001794        0xc build/stm32f0xx_hal_rcc.o
                0x0000000008001794                HAL_RCC_GetHCLKFreq
 .text.HAL_InitTick
                0x00000000080017a0       0x24 build/stm32f0xx_hal.o
                0x00000000080017a0                HAL_InitTick
 .text.HAL_Init
                0x00000000080017c4       0x20 build/stm32f0xx_hal.o
                0x00000000080017c4                HAL_Init
 .text.HAL_IncTick
                0x00000000080017e4       0x10 build/stm32f0xx_hal.o
                0x00000000080017e4                HAL_IncTick
 .text.HAL_GetTick
                0x00000000080017f4        0xc build/stm32f0xx_hal.o
                0x00000000080017f4                HAL_GetTick
 .text.HAL_Delay
                0x0000000008001800       0x22 build/stm32f0xx_hal.o
                0x0000000008001800                HAL_Delay
 *fill*         0x0000000008001822        0x2 
 .text.HAL_GPIO_Init
                0x0000000008001824      0x18c build/stm32f0xx_hal_gpio.o
                0x0000000008001824                HAL_GPIO_Init
 .text.HAL_GPIO_ReadPin
                0x00000000080019b0        0xe build/stm32f0xx_hal_gpio.o
                0x00000000080019b0                HAL_GPIO_ReadPin
 .text.HAL_GPIO_WritePin
                0x00000000080019be        0xc build/stm32f0xx_hal_gpio.o
                0x00000000080019be                HAL_GPIO_WritePin
 .text.HAL_GPIO_TogglePin
                0x00000000080019ca        0x8 build/stm32f0xx_hal_gpio.o
                0x00000000080019ca                HAL_GPIO_TogglePin
 *fill*         0x00000000080019d2        0x2 
 .text.HAL_NVIC_SetPriority
                0x00000000080019d4       0x60 build/stm32f0xx_hal_cortex.o
                0x00000000080019d4                HAL_NVIC_SetPriority
 .text.HAL_NVIC_EnableIRQ
                0x0000000008001a34       0x14 build/stm32f0xx_hal_cortex.o
                0x0000000008001a34                HAL_NVIC_EnableIRQ
 .text.HAL_SYSTICK_Config
                0x0000000008001a48       0x38 build/stm32f0xx_hal_cortex.o
                0x0000000008001a48                HAL_SYSTICK_Config
 .text.SystemInit
                0x0000000008001a80       0x68 build/system_stm32f0xx.o
                0x0000000008001a80                SystemInit
 .text.Reset_Handler
                0x0000000008001ae8       0x80 build/startup_stm32f070x6.o
                0x0000000008001ae8                Reset_Handler
 .text.Default_Handler
                0x0000000008001b68        0x2 build/startup_stm32f070x6.o
                0x0000000008001b68                TIM1_CC_IRQHandler
                0x0000000008001b68                I2C1_IRQHandler
                0x0000000008001b68                SPI1_IRQHandler
                0x0000000008001b68                EXTI2_3_IRQHandler
                0x0000000008001b68                ADC1_IRQHandler
                0x0000000008001b68                TIM17_IRQHandler
                0x0000000008001b68                RTC_IRQHandler
                0x0000000008001b68                EXTI4_15_IRQHandler
                0x0000000008001b68                RCC_IRQHandler
                0x0000000008001b68                DMA1_Channel1_IRQHandler
                0x0000000008001b68                Default_Handler
                0x0000000008001b68                DMA1_Channel4_5_IRQHandler
                0x0000000008001b68                EXTI0_1_IRQHandler
                0x0000000008001b68                USB_IRQHandler
                0x0000000008001b68                WWDG_IRQHandler
                0x0000000008001b68                DMA1_Channel2_3_IRQHandler
                0x0000000008001b68                USART2_IRQHandler
                0x0000000008001b68                FLASH_IRQHandler
                0x0000000008001b68                USART1_IRQHandler
                0x0000000008001b68                TIM1_BRK_UP_TRG_COM_IRQHandler
 *fill*         0x0000000008001b6a        0x2 
 .text.__libc_init_array
                0x0000000008001b6c       0x48 /usr/bin/../lib/gcc/arm-none-eabi/7.3.1/../../../../arm-none-eabi/lib/thumb/v6-m/libc_nano.a(lib_a-init.o)
                0x0000000008001b6c                __libc_init_array
 .text.memset   0x0000000008001bb4       0x10 /usr/bin/../lib/gcc/arm-none-eabi/7.3.1/../../../../arm-none-eabi/lib/thumb/v6-m/libc_nano.a(lib_a-memset.o)
                0x0000000008001bb4                memset
 *(.glue_7)
 .glue_7        0x0000000008001bc4        0x0 linker stubs
 *(.glue_7t)
 .glue_7t       0x0000000008001bc4        0x0 linker stubs
 *(.eh_frame)
 .eh_frame      0x0000000008001bc4        0x0 /usr/bin/../lib/gcc/arm-none-eabi/7.3.1/thumb/v6-m/crtbegin.o
 *(.init)
 .init          0x0000000008001bc4        0x4 /usr/bin/../lib/gcc/arm-none-eabi/7.3.1/thumb/v6-m/crti.o
                0x0000000008001bc4                _init
 .init          0x0000000008001bc8        0x8 /usr/bin/../lib/gcc/arm-none-eabi/7.3.1/thumb/v6-m/crtn.o
 *(.fini)
 .fini          0x0000000008001bd0        0x4 /usr/bin/../lib/gcc/arm-none-eabi/7.3.1/thumb/v6-m/crti.o
                0x0000000008001bd0                _fini
 .fini          0x0000000008001bd4        0x8 /usr/bin/../lib/gcc/arm-none-eabi/7.3.1/thumb/v6-m/crtn.o
                0x0000000008001bdc                . = ALIGN (0x4)
                0x0000000008001bdc                _etext = .

.vfp11_veneer   0x0000000008001bdc        0x0
 .vfp11_veneer  0x0000000008001bdc        0x0 linker stubs

.v4_bx          0x0000000008001bdc        0x0
 .v4_bx         0x0000000008001bdc        0x0 linker stubs

.iplt           0x0000000008001bdc        0x0
 .iplt          0x0000000008001bdc        0x0 /usr/bin/../lib/gcc/arm-none-eabi/7.3.1/thumb/v6-m/crtbegin.o

.rodata         0x0000000008001bdc       0x58
                0x0000000008001bdc                . = ALIGN (0x4)
 *(.rodata)
 .rodata        0x0000000008001bdc       0x20 build/stm32f0xx_hal_rcc.o
 *(.rodata*)
 .rodata.symbols
                0x0000000008001bfc       0x28 build/main.o
                0x0000000008001bfc                symbols
 .rodata.AHBPrescTable
                0x0000000008001c24       0x10 build/system_stm32f0xx.o
                0x0000000008001c24                AHBPrescTable
                0x0000000008001c34                . = ALIGN (0x4)

.rel.dyn        0x0000000008001c34        0x0
 .rel.iplt      0x0000000008001c34        0x0 /usr/bin/../lib/gcc/arm-none-eabi/7.3.1/thumb/v6-m/crtbegin.o

.ARM.extab
 *(.ARM.extab* .gnu.linkonce.armextab.*)

.ARM            0x0000000008001c34        0x0
                0x0000000008001c34                __exidx_start = .
 *(.ARM.exidx*)
                0x0000000008001c34                __exidx_end = .

.preinit_array  0x0000000008001c34        0x0
                0x0000000008001c34                PROVIDE (__preinit_array_start = .)
 *(.preinit_array*)
                0x0000000008001c34                PROVIDE (__preinit_array_end = .)

.init_array     0x0000000008001c34        0x4
                0x0000000008001c34                PROVIDE (__init_array_start = .)
 *(SORT_BY_NAME(.init_array.*))
 *(.init_array*)
 .init_array    0x0000000008001c34        0x4 /usr/bin/../lib/gcc/arm-none-eabi/7.3.1/thumb/v6-m/crtbegin.o
                0x0000000008001c38                PROVIDE (__init_array_end = .)

.fini_array     0x0000000008001c38        0x4
                [!provide]                        PROVIDE (__fini_array_start = .)
 *(SORT_BY_NAME(.fini_array.*))
 *(.fini_array*)
 .fini_array    0x0000000008001c38        0x4 /usr/bin/../lib/gcc/arm-none-eabi/7.3.1/thumb/v6-m/crtbegin.o
                [!provide]                        PROVIDE (__fini_array_end = .)
                0x0000000008001c3c                _sidata = LOADADDR (.data)

.data           0x0000000020000000        0x4 load address 0x0000000008001c3c
                0x0000000020000000                . = ALIGN (0x4)
                0x0000000020000000                _sdata = .
 *(.data)
 *(.data*)
 .data.SystemCoreClock
                0x0000000020000000        0x4 build/system_stm32f0xx.o
                0x0000000020000000                SystemCoreClock
                0x0000000020000004                . = ALIGN (0x4)
                0x0000000020000004                _edata = .

.igot.plt       0x0000000020000004        0x0 load address 0x0000000008001c40
 .igot.plt      0x0000000020000004        0x0 /usr/bin/../lib/gcc/arm-none-eabi/7.3.1/thumb/v6-m/crtbegin.o
                0x0000000020000004                . = ALIGN (0x4)

.bss            0x0000000020000004       0xf4 load address 0x0000000008001c40
                0x0000000020000004                _sbss = .
                0x0000000020000004                __bss_start__ = _sbss
 *(.bss)
 .bss           0x0000000020000004       0x1c /usr/bin/../lib/gcc/arm-none-eabi/7.3.1/thumb/v6-m/crtbegin.o
 *(.bss*)
 .bss.digit1    0x0000000020000020        0x1 build/main.o
                0x0000000020000020                digit1
 .bss.digit2    0x0000000020000021        0x1 build/main.o
                0x0000000020000021                digit2
 .bss.digit3    0x0000000020000022        0x1 build/main.o
                0x0000000020000022                digit3
 .bss.digit4    0x0000000020000023        0x1 build/main.o
                0x0000000020000023                digit4
 .bss.minutes   0x0000000020000024        0x1 build/main.o
                0x0000000020000024                minutes
 .bss.running   0x0000000020000025        0x1 build/main.o
                0x0000000020000025                running
 .bss.seconds   0x0000000020000026        0x1 build/main.o
                0x0000000020000026                seconds
 .bss.x.6760    0x0000000020000027        0x1 build/main.o
 .bss.y.6761    0x0000000020000028        0x1 build/main.o
 .bss.beep.6765
                0x0000000020000029        0x1 build/stm32f0xx_it.o
 *fill*         0x000000002000002a        0x2 
 .bss.counter.6764
                0x000000002000002c        0x4 build/stm32f0xx_it.o
 *(COMMON)
 COMMON         0x0000000020000030       0xc4 build/main.o
                0x0000000020000030                htim3
                0x0000000020000070                allow_buzzer
                0x0000000020000074                htim14
                0x00000000200000b4                htim16
 COMMON         0x00000000200000f4        0x4 build/stm32f0xx_hal.o
                0x00000000200000f4                uwTick
                0x00000000200000f8                . = ALIGN (0x4)
                0x00000000200000f8                _ebss = .
                0x00000000200000f8                __bss_end__ = _ebss

._user_heap_stack
                0x00000000200000f8      0x600 load address 0x0000000008001c40
                0x00000000200000f8                . = ALIGN (0x8)
                [!provide]                        PROVIDE (end = .)
                [!provide]                        PROVIDE (_end = .)
                0x00000000200002f8                . = (. + _Min_Heap_Size)
 *fill*         0x00000000200000f8      0x200 
                0x00000000200006f8                . = (. + _Min_Stack_Size)
 *fill*         0x00000000200002f8      0x400 
                0x00000000200006f8                . = ALIGN (0x8)

/DISCARD/
 libc.a(*)
 libm.a(*)
 libgcc.a(*)

.ARM.attributes
                0x0000000000000000       0x28
 *(.ARM.attributes)
 .ARM.attributes
                0x0000000000000000       0x1e /usr/bin/../lib/gcc/arm-none-eabi/7.3.1/thumb/v6-m/crti.o
 .ARM.attributes
                0x000000000000001e       0x2c /usr/bin/../lib/gcc/arm-none-eabi/7.3.1/thumb/v6-m/crtbegin.o
 .ARM.attributes
                0x000000000000004a       0x31 build/main.o
 .ARM.attributes
                0x000000000000007b       0x31 build/stm32f0xx_it.o
 .ARM.attributes
                0x00000000000000ac       0x31 build/stm32f0xx_hal_msp.o
 .ARM.attributes
                0x00000000000000dd       0x31 build/stm32f0xx_hal_tim.o
 .ARM.attributes
                0x000000000000010e       0x31 build/stm32f0xx_hal_tim_ex.o
 .ARM.attributes
                0x000000000000013f       0x31 build/stm32f0xx_hal_rcc.o
 .ARM.attributes
                0x0000000000000170       0x31 build/stm32f0xx_hal.o
 .ARM.attributes
                0x00000000000001a1       0x31 build/stm32f0xx_hal_gpio.o
 .ARM.attributes
                0x00000000000001d2       0x31 build/stm32f0xx_hal_cortex.o
 .ARM.attributes
                0x0000000000000203       0x31 build/system_stm32f0xx.o
 .ARM.attributes
                0x0000000000000234       0x21 build/startup_stm32f070x6.o
 .ARM.attributes
                0x0000000000000255       0x2c /usr/bin/../lib/gcc/arm-none-eabi/7.3.1/../../../../arm-none-eabi/lib/thumb/v6-m/libc_nano.a(lib_a-init.o)
 .ARM.attributes
                0x0000000000000281       0x2c /usr/bin/../lib/gcc/arm-none-eabi/7.3.1/../../../../arm-none-eabi/lib/thumb/v6-m/libc_nano.a(lib_a-memset.o)
 .ARM.attributes
                0x00000000000002ad       0x1e /usr/bin/../lib/gcc/arm-none-eabi/7.3.1/thumb/v6-m/libgcc.a(_udivsi3.o)
 .ARM.attributes
                0x00000000000002cb       0x1e /usr/bin/../lib/gcc/arm-none-eabi/7.3.1/thumb/v6-m/libgcc.a(_dvmd_tls.o)
 .ARM.attributes
                0x00000000000002e9       0x1e /usr/bin/../lib/gcc/arm-none-eabi/7.3.1/thumb/v6-m/crtn.o
OUTPUT(build/B-timer.elf elf32-littlearm)

.debug_info     0x0000000000000000     0xe798
 .debug_info    0x0000000000000000     0x1d4f build/main.o
 .debug_info    0x0000000000001d4f     0x116a build/stm32f0xx_it.o
 .debug_info    0x0000000000002eb9     0x1279 build/stm32f0xx_hal_msp.o
 .debug_info    0x0000000000004132     0x3a95 build/stm32f0xx_hal_tim.o
 .debug_info    0x0000000000007bc7     0x1cce build/stm32f0xx_hal_tim_ex.o
 .debug_info    0x0000000000009895     0x12d3 build/stm32f0xx_hal_rcc.o
 .debug_info    0x000000000000ab68      0xfc9 build/stm32f0xx_hal.o
 .debug_info    0x000000000000bb31      0xfb4 build/stm32f0xx_hal_gpio.o
 .debug_info    0x000000000000cae5     0x1112 build/stm32f0xx_hal_cortex.o
 .debug_info    0x000000000000dbf7      0xb7f build/system_stm32f0xx.o
 .debug_info    0x000000000000e776       0x22 build/startup_stm32f070x6.o

.debug_abbrev   0x0000000000000000     0x1b75
 .debug_abbrev  0x0000000000000000      0x32e build/main.o
 .debug_abbrev  0x000000000000032e      0x24c build/stm32f0xx_it.o
 .debug_abbrev  0x000000000000057a      0x250 build/stm32f0xx_hal_msp.o
 .debug_abbrev  0x00000000000007ca      0x310 build/stm32f0xx_hal_tim.o
 .debug_abbrev  0x0000000000000ada      0x2f8 build/stm32f0xx_hal_tim_ex.o
 .debug_abbrev  0x0000000000000dd2      0x2e6 build/stm32f0xx_hal_rcc.o
 .debug_abbrev  0x00000000000010b8      0x2d9 build/stm32f0xx_hal.o
 .debug_abbrev  0x0000000000001391      0x2be build/stm32f0xx_hal_gpio.o
 .debug_abbrev  0x000000000000164f      0x32e build/stm32f0xx_hal_cortex.o
 .debug_abbrev  0x000000000000197d      0x1e6 build/system_stm32f0xx.o
 .debug_abbrev  0x0000000000001b63       0x12 build/startup_stm32f070x6.o

.debug_loc      0x0000000000000000     0x6a12
 .debug_loc     0x0000000000000000      0x2f8 build/main.o
 .debug_loc     0x00000000000002f8       0x80 build/stm32f0xx_it.o
 .debug_loc     0x0000000000000378      0x144 build/stm32f0xx_hal_msp.o
 .debug_loc     0x00000000000004bc     0x4163 build/stm32f0xx_hal_tim.o
 .debug_loc     0x000000000000461f     0x14de build/stm32f0xx_hal_tim_ex.o
 .debug_loc     0x0000000000005afd      0x558 build/stm32f0xx_hal_rcc.o
 .debug_loc     0x0000000000006055      0x108 build/stm32f0xx_hal.o
 .debug_loc     0x000000000000615d      0x3a2 build/stm32f0xx_hal_gpio.o
 .debug_loc     0x00000000000064ff      0x3d3 build/stm32f0xx_hal_cortex.o
 .debug_loc     0x00000000000068d2      0x140 build/system_stm32f0xx.o

.debug_aranges  0x0000000000000000      0x810
 .debug_aranges
                0x0000000000000000       0x78 build/main.o
 .debug_aranges
                0x0000000000000078       0x58 build/stm32f0xx_it.o
 .debug_aranges
                0x00000000000000d0       0x30 build/stm32f0xx_hal_msp.o
 .debug_aranges
                0x0000000000000100      0x378 build/stm32f0xx_hal_tim.o
 .debug_aranges
                0x0000000000000478      0x140 build/stm32f0xx_hal_tim_ex.o
 .debug_aranges
                0x00000000000005b8       0x80 build/stm32f0xx_hal_rcc.o
 .debug_aranges
                0x0000000000000638       0xb8 build/stm32f0xx_hal.o
 .debug_aranges
                0x00000000000006f0       0x58 build/stm32f0xx_hal_gpio.o
 .debug_aranges
                0x0000000000000748       0x78 build/stm32f0xx_hal_cortex.o
 .debug_aranges
                0x00000000000007c0       0x28 build/system_stm32f0xx.o
 .debug_aranges
                0x00000000000007e8       0x28 build/startup_stm32f070x6.o

.debug_ranges   0x0000000000000000      0x7c8
 .debug_ranges  0x0000000000000000       0x68 build/main.o
 .debug_ranges  0x0000000000000068       0x48 build/stm32f0xx_it.o
 .debug_ranges  0x00000000000000b0       0x20 build/stm32f0xx_hal_msp.o
 .debug_ranges  0x00000000000000d0      0x368 build/stm32f0xx_hal_tim.o
 .debug_ranges  0x0000000000000438      0x130 build/stm32f0xx_hal_tim_ex.o
 .debug_ranges  0x0000000000000568       0x88 build/stm32f0xx_hal_rcc.o
 .debug_ranges  0x00000000000005f0       0xa8 build/stm32f0xx_hal.o
 .debug_ranges  0x0000000000000698       0x48 build/stm32f0xx_hal_gpio.o
 .debug_ranges  0x00000000000006e0       0xb0 build/stm32f0xx_hal_cortex.o
 .debug_ranges  0x0000000000000790       0x18 build/system_stm32f0xx.o
 .debug_ranges  0x00000000000007a8       0x20 build/startup_stm32f070x6.o

.debug_line     0x0000000000000000     0x32e1
 .debug_line    0x0000000000000000      0x3bd build/main.o
 .debug_line    0x00000000000003bd      0x289 build/stm32f0xx_it.o
 .debug_line    0x0000000000000646      0x234 build/stm32f0xx_hal_msp.o
 .debug_line    0x000000000000087a     0x12d0 build/stm32f0xx_hal_tim.o
 .debug_line    0x0000000000001b4a      0x7ae build/stm32f0xx_hal_tim_ex.o
 .debug_line    0x00000000000022f8      0x46c build/stm32f0xx_hal_rcc.o
 .debug_line    0x0000000000002764      0x35e build/stm32f0xx_hal.o
 .debug_line    0x0000000000002ac2      0x30d build/stm32f0xx_hal_gpio.o
 .debug_line    0x0000000000002dcf      0x2fd build/stm32f0xx_hal_cortex.o
 .debug_line    0x00000000000030cc      0x18b build/system_stm32f0xx.o
 .debug_line    0x0000000000003257       0x8a build/startup_stm32f070x6.o

.debug_str      0x0000000000000000     0x28ac
 .debug_str     0x0000000000000000      0xed2 build/main.o
                                        0xfa3 (size before relaxing)
 .debug_str     0x0000000000000ed2       0xcd build/stm32f0xx_it.o
                                        0xaab (size before relaxing)
 .debug_str     0x0000000000000f9f      0x1f7 build/stm32f0xx_hal_msp.o
                                        0xbc3 (size before relaxing)
 .debug_str     0x0000000000001196      0xc46 build/stm32f0xx_hal_tim.o
                                       0x17b2 (size before relaxing)
 .debug_str     0x0000000000001ddc      0x3f4 build/stm32f0xx_hal_tim_ex.o
                                       0x1024 (size before relaxing)
 .debug_str     0x00000000000021d0      0x1f8 build/stm32f0xx_hal_rcc.o
                                        0xa10 (size before relaxing)
 .debug_str     0x00000000000023c8      0x1a5 build/stm32f0xx_hal.o
                                        0x9ea (size before relaxing)
 .debug_str     0x000000000000256d       0xf6 build/stm32f0xx_hal_gpio.o
                                        0x837 (size before relaxing)
 .debug_str     0x0000000000002663      0x1ce build/stm32f0xx_hal_cortex.o
                                        0x9f2 (size before relaxing)
 .debug_str     0x0000000000002831       0x57 build/system_stm32f0xx.o
                                        0x65d (size before relaxing)
 .debug_str     0x0000000000002888       0x24 build/startup_stm32f070x6.o
                                         0x7e (size before relaxing)

.comment        0x0000000000000000       0x7f
 .comment       0x0000000000000000       0x7f build/main.o
                                         0x80 (size before relaxing)
 .comment       0x000000000000007f       0x80 build/stm32f0xx_it.o
 .comment       0x000000000000007f       0x80 build/stm32f0xx_hal_msp.o
 .comment       0x000000000000007f       0x80 build/stm32f0xx_hal_tim.o
 .comment       0x000000000000007f       0x80 build/stm32f0xx_hal_tim_ex.o
 .comment       0x000000000000007f       0x80 build/stm32f0xx_hal_rcc.o
 .comment       0x000000000000007f       0x80 build/stm32f0xx_hal.o
 .comment       0x000000000000007f       0x80 build/stm32f0xx_hal_gpio.o
 .comment       0x000000000000007f       0x80 build/stm32f0xx_hal_cortex.o
 .comment       0x000000000000007f       0x80 build/system_stm32f0xx.o

.debug_frame    0x0000000000000000     0x16b8
 .debug_frame   0x0000000000000000      0x178 build/main.o
 .debug_frame   0x0000000000000178       0xc0 build/stm32f0xx_it.o
 .debug_frame   0x0000000000000238       0x5c build/stm32f0xx_hal_msp.o
 .debug_frame   0x0000000000000294      0xaec build/stm32f0xx_hal_tim.o
 .debug_frame   0x0000000000000d80      0x3f8 build/stm32f0xx_hal_tim_ex.o
 .debug_frame   0x0000000000001178      0x14c build/stm32f0xx_hal_rcc.o
 .debug_frame   0x00000000000012c4      0x184 build/stm32f0xx_hal.o
 .debug_frame   0x0000000000001448       0xdc build/stm32f0xx_hal_gpio.o
 .debug_frame   0x0000000000001524       0xec build/stm32f0xx_hal_cortex.o
 .debug_frame   0x0000000000001610       0x3c build/system_stm32f0xx.o
 .debug_frame   0x000000000000164c       0x2c /usr/bin/../lib/gcc/arm-none-eabi/7.3.1/../../../../arm-none-eabi/lib/thumb/v6-m/libc_nano.a(lib_a-init.o)
 .debug_frame   0x0000000000001678       0x20 /usr/bin/../lib/gcc/arm-none-eabi/7.3.1/../../../../arm-none-eabi/lib/thumb/v6-m/libc_nano.a(lib_a-memset.o)
 .debug_frame   0x0000000000001698       0x20 /usr/bin/../lib/gcc/arm-none-eabi/7.3.1/thumb/v6-m/libgcc.a(_udivsi3.o)

Cross Reference Table

Symbol                                            File
ADC1_IRQHandler                                   build/startup_stm32f070x6.o
AHBPrescTable                                     build/system_stm32f0xx.o
                                                  build/stm32f0xx_hal_rcc.o
APBPrescTable                                     build/system_stm32f0xx.o
                                                  build/stm32f0xx_hal_rcc.o
DMA1_Channel1_IRQHandler                          build/startup_stm32f070x6.o
DMA1_Channel2_3_IRQHandler                        build/startup_stm32f070x6.o
DMA1_Channel4_5_IRQHandler                        build/startup_stm32f070x6.o
Default_Handler                                   build/startup_stm32f070x6.o
EXTI0_1_IRQHandler                                build/startup_stm32f070x6.o
EXTI2_3_IRQHandler                                build/startup_stm32f070x6.o
EXTI4_15_IRQHandler                               build/startup_stm32f070x6.o
Error_Handler                                     build/main.o
FLASH_IRQHandler                                  build/startup_stm32f070x6.o
FLASH_PageErase                                   build/stm32f0xx_hal_flash_ex.o
                                                  build/stm32f0xx_hal_flash.o
FLASH_WaitForLastOperation                        build/stm32f0xx_hal_flash.o
                                                  build/stm32f0xx_hal_flash_ex.o
HAL_DBGMCU_DisableDBGStandbyMode                  build/stm32f0xx_hal.o
HAL_DBGMCU_DisableDBGStopMode                     build/stm32f0xx_hal.o
HAL_DBGMCU_EnableDBGStandbyMode                   build/stm32f0xx_hal.o
HAL_DBGMCU_EnableDBGStopMode                      build/stm32f0xx_hal.o
HAL_DMA_Abort                                     build/stm32f0xx_hal_dma.o
                                                  build/stm32f0xx_hal_tim.o
HAL_DMA_Abort_IT                                  build/stm32f0xx_hal_dma.o
                                                  build/stm32f0xx_hal_i2c.o
HAL_DMA_DeInit                                    build/stm32f0xx_hal_dma.o
HAL_DMA_GetError                                  build/stm32f0xx_hal_dma.o
HAL_DMA_GetState                                  build/stm32f0xx_hal_dma.o
HAL_DMA_IRQHandler                                build/stm32f0xx_hal_dma.o
HAL_DMA_Init                                      build/stm32f0xx_hal_dma.o
HAL_DMA_PollForTransfer                           build/stm32f0xx_hal_dma.o
HAL_DMA_RegisterCallback                          build/stm32f0xx_hal_dma.o
HAL_DMA_Start                                     build/stm32f0xx_hal_dma.o
HAL_DMA_Start_IT                                  build/stm32f0xx_hal_dma.o
                                                  build/stm32f0xx_hal_i2c.o
                                                  build/stm32f0xx_hal_tim_ex.o
                                                  build/stm32f0xx_hal_tim.o
HAL_DMA_UnRegisterCallback                        build/stm32f0xx_hal_dma.o
HAL_DeInit                                        build/stm32f0xx_hal.o
HAL_Delay                                         build/stm32f0xx_hal.o
                                                  build/main.o
HAL_FLASHEx_Erase                                 build/stm32f0xx_hal_flash_ex.o
HAL_FLASHEx_Erase_IT                              build/stm32f0xx_hal_flash_ex.o
HAL_FLASHEx_OBErase                               build/stm32f0xx_hal_flash_ex.o
HAL_FLASHEx_OBGetConfig                           build/stm32f0xx_hal_flash_ex.o
HAL_FLASHEx_OBGetUserData                         build/stm32f0xx_hal_flash_ex.o
HAL_FLASHEx_OBProgram                             build/stm32f0xx_hal_flash_ex.o
HAL_FLASH_EndOfOperationCallback                  build/stm32f0xx_hal_flash.o
HAL_FLASH_GetError                                build/stm32f0xx_hal_flash.o
HAL_FLASH_IRQHandler                              build/stm32f0xx_hal_flash.o
HAL_FLASH_Lock                                    build/stm32f0xx_hal_flash.o
HAL_FLASH_OB_Launch                               build/stm32f0xx_hal_flash.o
HAL_FLASH_OB_Lock                                 build/stm32f0xx_hal_flash.o
HAL_FLASH_OB_Unlock                               build/stm32f0xx_hal_flash.o
HAL_FLASH_OperationErrorCallback                  build/stm32f0xx_hal_flash.o
HAL_FLASH_Program                                 build/stm32f0xx_hal_flash.o
HAL_FLASH_Program_IT                              build/stm32f0xx_hal_flash.o
HAL_FLASH_Unlock                                  build/stm32f0xx_hal_flash.o
HAL_GPIO_DeInit                                   build/stm32f0xx_hal_gpio.o
HAL_GPIO_EXTI_Callback                            build/stm32f0xx_hal_gpio.o
HAL_GPIO_EXTI_IRQHandler                          build/stm32f0xx_hal_gpio.o
HAL_GPIO_Init                                     build/stm32f0xx_hal_gpio.o
                                                  build/stm32f0xx_hal_rcc.o
                                                  build/main.o
HAL_GPIO_LockPin                                  build/stm32f0xx_hal_gpio.o
HAL_GPIO_ReadPin                                  build/stm32f0xx_hal_gpio.o
                                                  build/main.o
HAL_GPIO_TogglePin                                build/stm32f0xx_hal_gpio.o
                                                  build/stm32f0xx_it.o
HAL_GPIO_WritePin                                 build/stm32f0xx_hal_gpio.o
                                                  build/main.o
HAL_GetDEVID                                      build/stm32f0xx_hal.o
HAL_GetHalVersion                                 build/stm32f0xx_hal.o
HAL_GetREVID                                      build/stm32f0xx_hal.o
HAL_GetTick                                       build/stm32f0xx_hal.o
                                                  build/stm32f0xx_hal_flash.o
                                                  build/stm32f0xx_hal_dma.o
                                                  build/stm32f0xx_hal_i2c.o
                                                  build/stm32f0xx_hal_rcc_ex.o
                                                  build/stm32f0xx_hal_rcc.o
HAL_GetUIDw0                                      build/stm32f0xx_hal.o
HAL_GetUIDw1                                      build/stm32f0xx_hal.o
HAL_GetUIDw2                                      build/stm32f0xx_hal.o
HAL_I2CEx_ConfigAnalogFilter                      build/stm32f0xx_hal_i2c_ex.o
HAL_I2CEx_ConfigDigitalFilter                     build/stm32f0xx_hal_i2c_ex.o
HAL_I2CEx_DisableFastModePlus                     build/stm32f0xx_hal_i2c_ex.o
HAL_I2CEx_EnableFastModePlus                      build/stm32f0xx_hal_i2c_ex.o
HAL_I2C_AbortCpltCallback                         build/stm32f0xx_hal_i2c.o
HAL_I2C_AddrCallback                              build/stm32f0xx_hal_i2c.o
HAL_I2C_DeInit                                    build/stm32f0xx_hal_i2c.o
HAL_I2C_DisableListen_IT                          build/stm32f0xx_hal_i2c.o
HAL_I2C_ER_IRQHandler                             build/stm32f0xx_hal_i2c.o
HAL_I2C_EV_IRQHandler                             build/stm32f0xx_hal_i2c.o
HAL_I2C_EnableListen_IT                           build/stm32f0xx_hal_i2c.o
HAL_I2C_ErrorCallback                             build/stm32f0xx_hal_i2c.o
HAL_I2C_GetError                                  build/stm32f0xx_hal_i2c.o
HAL_I2C_GetMode                                   build/stm32f0xx_hal_i2c.o
HAL_I2C_GetState                                  build/stm32f0xx_hal_i2c.o
HAL_I2C_Init                                      build/stm32f0xx_hal_i2c.o
HAL_I2C_IsDeviceReady                             build/stm32f0xx_hal_i2c.o
HAL_I2C_ListenCpltCallback                        build/stm32f0xx_hal_i2c.o
HAL_I2C_MasterRxCpltCallback                      build/stm32f0xx_hal_i2c.o
HAL_I2C_MasterTxCpltCallback                      build/stm32f0xx_hal_i2c.o
HAL_I2C_Master_Abort_IT                           build/stm32f0xx_hal_i2c.o
HAL_I2C_Master_Receive                            build/stm32f0xx_hal_i2c.o
HAL_I2C_Master_Receive_DMA                        build/stm32f0xx_hal_i2c.o
HAL_I2C_Master_Receive_IT                         build/stm32f0xx_hal_i2c.o
HAL_I2C_Master_Sequential_Receive_IT              build/stm32f0xx_hal_i2c.o
HAL_I2C_Master_Sequential_Transmit_IT             build/stm32f0xx_hal_i2c.o
HAL_I2C_Master_Transmit                           build/stm32f0xx_hal_i2c.o
HAL_I2C_Master_Transmit_DMA                       build/stm32f0xx_hal_i2c.o
HAL_I2C_Master_Transmit_IT                        build/stm32f0xx_hal_i2c.o
HAL_I2C_MemRxCpltCallback                         build/stm32f0xx_hal_i2c.o
HAL_I2C_MemTxCpltCallback                         build/stm32f0xx_hal_i2c.o
HAL_I2C_Mem_Read                                  build/stm32f0xx_hal_i2c.o
HAL_I2C_Mem_Read_DMA                              build/stm32f0xx_hal_i2c.o
HAL_I2C_Mem_Read_IT                               build/stm32f0xx_hal_i2c.o
HAL_I2C_Mem_Write                                 build/stm32f0xx_hal_i2c.o
HAL_I2C_Mem_Write_DMA                             build/stm32f0xx_hal_i2c.o
HAL_I2C_Mem_Write_IT                              build/stm32f0xx_hal_i2c.o
HAL_I2C_MspDeInit                                 build/stm32f0xx_hal_i2c.o
HAL_I2C_MspInit                                   build/stm32f0xx_hal_i2c.o
HAL_I2C_SlaveRxCpltCallback                       build/stm32f0xx_hal_i2c.o
HAL_I2C_SlaveTxCpltCallback                       build/stm32f0xx_hal_i2c.o
HAL_I2C_Slave_Receive                             build/stm32f0xx_hal_i2c.o
HAL_I2C_Slave_Receive_DMA                         build/stm32f0xx_hal_i2c.o
HAL_I2C_Slave_Receive_IT                          build/stm32f0xx_hal_i2c.o
HAL_I2C_Slave_Sequential_Receive_IT               build/stm32f0xx_hal_i2c.o
HAL_I2C_Slave_Sequential_Transmit_IT              build/stm32f0xx_hal_i2c.o
HAL_I2C_Slave_Transmit                            build/stm32f0xx_hal_i2c.o
HAL_I2C_Slave_Transmit_DMA                        build/stm32f0xx_hal_i2c.o
HAL_I2C_Slave_Transmit_IT                         build/stm32f0xx_hal_i2c.o
HAL_IncTick                                       build/stm32f0xx_hal.o
                                                  build/stm32f0xx_it.o
HAL_Init                                          build/stm32f0xx_hal.o
                                                  build/main.o
HAL_InitTick                                      build/stm32f0xx_hal.o
                                                  build/stm32f0xx_hal_rcc.o
HAL_MspDeInit                                     build/stm32f0xx_hal.o
HAL_MspInit                                       build/stm32f0xx_hal_msp.o
HAL_NVIC_ClearPendingIRQ                          build/stm32f0xx_hal_cortex.o
HAL_NVIC_DisableIRQ                               build/stm32f0xx_hal_cortex.o
                                                  build/stm32f0xx_hal_msp.o
HAL_NVIC_EnableIRQ                                build/stm32f0xx_hal_cortex.o
                                                  build/stm32f0xx_hal_msp.o
HAL_NVIC_GetPendingIRQ                            build/stm32f0xx_hal_cortex.o
HAL_NVIC_GetPriority                              build/stm32f0xx_hal_cortex.o
HAL_NVIC_SetPendingIRQ                            build/stm32f0xx_hal_cortex.o
HAL_NVIC_SetPriority                              build/stm32f0xx_hal_cortex.o
                                                  build/stm32f0xx_hal.o
                                                  build/stm32f0xx_hal_msp.o
HAL_NVIC_SystemReset                              build/stm32f0xx_hal_cortex.o
HAL_PWR_DeInit                                    build/stm32f0xx_hal_pwr.o
HAL_PWR_DisableBkUpAccess                         build/stm32f0xx_hal_pwr.o
HAL_PWR_DisableSEVOnPend                          build/stm32f0xx_hal_pwr.o
HAL_PWR_DisableSleepOnExit                        build/stm32f0xx_hal_pwr.o
HAL_PWR_DisableWakeUpPin                          build/stm32f0xx_hal_pwr.o
HAL_PWR_EnableBkUpAccess                          build/stm32f0xx_hal_pwr.o
HAL_PWR_EnableSEVOnPend                           build/stm32f0xx_hal_pwr.o
HAL_PWR_EnableSleepOnExit                         build/stm32f0xx_hal_pwr.o
HAL_PWR_EnableWakeUpPin                           build/stm32f0xx_hal_pwr.o
HAL_PWR_EnterSLEEPMode                            build/stm32f0xx_hal_pwr.o
HAL_PWR_EnterSTANDBYMode                          build/stm32f0xx_hal_pwr.o
HAL_PWR_EnterSTOPMode                             build/stm32f0xx_hal_pwr.o
HAL_RCCEx_GetPeriphCLKConfig                      build/stm32f0xx_hal_rcc_ex.o
HAL_RCCEx_GetPeriphCLKFreq                        build/stm32f0xx_hal_rcc_ex.o
HAL_RCCEx_PeriphCLKConfig                         build/stm32f0xx_hal_rcc_ex.o
HAL_RCC_CSSCallback                               build/stm32f0xx_hal_rcc.o
HAL_RCC_ClockConfig                               build/stm32f0xx_hal_rcc.o
                                                  build/main.o
HAL_RCC_DeInit                                    build/stm32f0xx_hal_rcc.o
HAL_RCC_DisableCSS                                build/stm32f0xx_hal_rcc.o
HAL_RCC_EnableCSS                                 build/stm32f0xx_hal_rcc.o
HAL_RCC_GetClockConfig                            build/stm32f0xx_hal_rcc.o
HAL_RCC_GetHCLKFreq                               build/stm32f0xx_hal_rcc.o
                                                  build/stm32f0xx_hal.o
HAL_RCC_GetOscConfig                              build/stm32f0xx_hal_rcc.o
HAL_RCC_GetPCLK1Freq                              build/stm32f0xx_hal_rcc.o
                                                  build/stm32f0xx_hal_rcc_ex.o
HAL_RCC_GetSysClockFreq                           build/stm32f0xx_hal_rcc.o
                                                  build/stm32f0xx_hal_rcc_ex.o
HAL_RCC_MCOConfig                                 build/stm32f0xx_hal_rcc.o
HAL_RCC_NMI_IRQHandler                            build/stm32f0xx_hal_rcc.o
HAL_RCC_OscConfig                                 build/stm32f0xx_hal_rcc.o
                                                  build/main.o
HAL_ResumeTick                                    build/stm32f0xx_hal.o
HAL_SYSTICK_CLKSourceConfig                       build/stm32f0xx_hal_cortex.o
HAL_SYSTICK_Callback                              build/stm32f0xx_hal_cortex.o
HAL_SYSTICK_Config                                build/stm32f0xx_hal_cortex.o
                                                  build/stm32f0xx_hal.o
HAL_SYSTICK_IRQHandler                            build/stm32f0xx_hal_cortex.o
HAL_SuspendTick                                   build/stm32f0xx_hal.o
HAL_TIMEx_BreakCallback                           build/stm32f0xx_hal_tim_ex.o
                                                  build/stm32f0xx_hal_tim.o
HAL_TIMEx_CommutationCallback                     build/stm32f0xx_hal_tim_ex.o
                                                  build/stm32f0xx_hal_tim.o
HAL_TIMEx_ConfigBreakDeadTime                     build/stm32f0xx_hal_tim_ex.o
                                                  build/main.o
HAL_TIMEx_ConfigCommutationEvent                  build/stm32f0xx_hal_tim_ex.o
HAL_TIMEx_ConfigCommutationEvent_DMA              build/stm32f0xx_hal_tim_ex.o
HAL_TIMEx_ConfigCommutationEvent_IT               build/stm32f0xx_hal_tim_ex.o
HAL_TIMEx_HallSensor_DeInit                       build/stm32f0xx_hal_tim_ex.o
HAL_TIMEx_HallSensor_GetState                     build/stm32f0xx_hal_tim_ex.o
HAL_TIMEx_HallSensor_Init                         build/stm32f0xx_hal_tim_ex.o
HAL_TIMEx_HallSensor_MspDeInit                    build/stm32f0xx_hal_tim_ex.o
HAL_TIMEx_HallSensor_MspInit                      build/stm32f0xx_hal_tim_ex.o
HAL_TIMEx_HallSensor_Start                        build/stm32f0xx_hal_tim_ex.o
HAL_TIMEx_HallSensor_Start_DMA                    build/stm32f0xx_hal_tim_ex.o
HAL_TIMEx_HallSensor_Start_IT                     build/stm32f0xx_hal_tim_ex.o
HAL_TIMEx_HallSensor_Stop                         build/stm32f0xx_hal_tim_ex.o
HAL_TIMEx_HallSensor_Stop_DMA                     build/stm32f0xx_hal_tim_ex.o
HAL_TIMEx_HallSensor_Stop_IT                      build/stm32f0xx_hal_tim_ex.o
HAL_TIMEx_MasterConfigSynchronization             build/stm32f0xx_hal_tim_ex.o
                                                  build/main.o
HAL_TIMEx_OCN_Start                               build/stm32f0xx_hal_tim_ex.o
HAL_TIMEx_OCN_Start_DMA                           build/stm32f0xx_hal_tim_ex.o
HAL_TIMEx_OCN_Start_IT                            build/stm32f0xx_hal_tim_ex.o
HAL_TIMEx_OCN_Stop                                build/stm32f0xx_hal_tim_ex.o
HAL_TIMEx_OCN_Stop_DMA                            build/stm32f0xx_hal_tim_ex.o
HAL_TIMEx_OCN_Stop_IT                             build/stm32f0xx_hal_tim_ex.o
HAL_TIMEx_OnePulseN_Start                         build/stm32f0xx_hal_tim_ex.o
HAL_TIMEx_OnePulseN_Start_IT                      build/stm32f0xx_hal_tim_ex.o
HAL_TIMEx_OnePulseN_Stop                          build/stm32f0xx_hal_tim_ex.o
HAL_TIMEx_OnePulseN_Stop_IT                       build/stm32f0xx_hal_tim_ex.o
HAL_TIMEx_PWMN_Start                              build/stm32f0xx_hal_tim_ex.o
HAL_TIMEx_PWMN_Start_DMA                          build/stm32f0xx_hal_tim_ex.o
HAL_TIMEx_PWMN_Start_IT                           build/stm32f0xx_hal_tim_ex.o
HAL_TIMEx_PWMN_Stop                               build/stm32f0xx_hal_tim_ex.o
HAL_TIMEx_PWMN_Stop_DMA                           build/stm32f0xx_hal_tim_ex.o
HAL_TIMEx_PWMN_Stop_IT                            build/stm32f0xx_hal_tim_ex.o
HAL_TIMEx_RemapConfig                             build/stm32f0xx_hal_tim_ex.o
HAL_TIM_Base_DeInit                               build/stm32f0xx_hal_tim.o
HAL_TIM_Base_GetState                             build/stm32f0xx_hal_tim.o
HAL_TIM_Base_Init                                 build/stm32f0xx_hal_tim.o
                                                  build/main.o
HAL_TIM_Base_MspDeInit                            build/stm32f0xx_hal_msp.o
HAL_TIM_Base_MspInit                              build/stm32f0xx_hal_msp.o
HAL_TIM_Base_Start                                build/stm32f0xx_hal_tim.o
HAL_TIM_Base_Start_DMA                            build/stm32f0xx_hal_tim.o
HAL_TIM_Base_Start_IT                             build/stm32f0xx_hal_tim.o
                                                  build/main.o
HAL_TIM_Base_Stop                                 build/stm32f0xx_hal_tim.o
HAL_TIM_Base_Stop_DMA                             build/stm32f0xx_hal_tim.o
HAL_TIM_Base_Stop_IT                              build/stm32f0xx_hal_tim.o
HAL_TIM_ConfigClockSource                         build/stm32f0xx_hal_tim.o
                                                  build/main.o
HAL_TIM_ConfigOCrefClear                          build/stm32f0xx_hal_tim.o
HAL_TIM_ConfigTI1Input                            build/stm32f0xx_hal_tim.o
HAL_TIM_DMABurst_MultiReadStart                   build/stm32f0xx_hal_tim.o
HAL_TIM_DMABurst_MultiWriteStart                  build/stm32f0xx_hal_tim.o
HAL_TIM_DMABurst_ReadStart                        build/stm32f0xx_hal_tim.o
HAL_TIM_DMABurst_ReadStop                         build/stm32f0xx_hal_tim.o
HAL_TIM_DMABurst_WriteStart                       build/stm32f0xx_hal_tim.o
HAL_TIM_DMABurst_WriteStop                        build/stm32f0xx_hal_tim.o
HAL_TIM_Encoder_DeInit                            build/stm32f0xx_hal_tim.o
HAL_TIM_Encoder_GetState                          build/stm32f0xx_hal_tim.o
HAL_TIM_Encoder_Init                              build/stm32f0xx_hal_tim.o
HAL_TIM_Encoder_MspDeInit                         build/stm32f0xx_hal_tim.o
HAL_TIM_Encoder_MspInit                           build/stm32f0xx_hal_tim.o
HAL_TIM_Encoder_Start                             build/stm32f0xx_hal_tim.o
HAL_TIM_Encoder_Start_DMA                         build/stm32f0xx_hal_tim.o
HAL_TIM_Encoder_Start_IT                          build/stm32f0xx_hal_tim.o
HAL_TIM_Encoder_Stop                              build/stm32f0xx_hal_tim.o
HAL_TIM_Encoder_Stop_DMA                          build/stm32f0xx_hal_tim.o
HAL_TIM_Encoder_Stop_IT                           build/stm32f0xx_hal_tim.o
HAL_TIM_ErrorCallback                             build/stm32f0xx_hal_tim.o
HAL_TIM_GenerateEvent                             build/stm32f0xx_hal_tim.o
HAL_TIM_IC_CaptureCallback                        build/stm32f0xx_hal_tim.o
HAL_TIM_IC_ConfigChannel                          build/stm32f0xx_hal_tim.o
HAL_TIM_IC_DeInit                                 build/stm32f0xx_hal_tim.o
HAL_TIM_IC_GetState                               build/stm32f0xx_hal_tim.o
HAL_TIM_IC_Init                                   build/stm32f0xx_hal_tim.o
HAL_TIM_IC_MspDeInit                              build/stm32f0xx_hal_tim.o
HAL_TIM_IC_MspInit                                build/stm32f0xx_hal_tim.o
HAL_TIM_IC_Start                                  build/stm32f0xx_hal_tim.o
HAL_TIM_IC_Start_DMA                              build/stm32f0xx_hal_tim.o
HAL_TIM_IC_Start_IT                               build/stm32f0xx_hal_tim.o
HAL_TIM_IC_Stop                                   build/stm32f0xx_hal_tim.o
HAL_TIM_IC_Stop_DMA                               build/stm32f0xx_hal_tim.o
HAL_TIM_IC_Stop_IT                                build/stm32f0xx_hal_tim.o
HAL_TIM_IRQHandler                                build/stm32f0xx_hal_tim.o
                                                  build/stm32f0xx_it.o
HAL_TIM_OC_ConfigChannel                          build/stm32f0xx_hal_tim.o
                                                  build/main.o
HAL_TIM_OC_DeInit                                 build/stm32f0xx_hal_tim.o
HAL_TIM_OC_DelayElapsedCallback                   build/stm32f0xx_hal_tim.o
HAL_TIM_OC_GetState                               build/stm32f0xx_hal_tim.o
HAL_TIM_OC_Init                                   build/stm32f0xx_hal_tim.o
                                                  build/main.o
HAL_TIM_OC_MspDeInit                              build/stm32f0xx_hal_tim.o
HAL_TIM_OC_MspInit                                build/stm32f0xx_hal_tim.o
HAL_TIM_OC_Start                                  build/stm32f0xx_hal_tim.o
HAL_TIM_OC_Start_DMA                              build/stm32f0xx_hal_tim.o
HAL_TIM_OC_Start_IT                               build/stm32f0xx_hal_tim.o
HAL_TIM_OC_Stop                                   build/stm32f0xx_hal_tim.o
HAL_TIM_OC_Stop_DMA                               build/stm32f0xx_hal_tim.o
HAL_TIM_OC_Stop_IT                                build/stm32f0xx_hal_tim.o
HAL_TIM_OnePulse_ConfigChannel                    build/stm32f0xx_hal_tim.o
HAL_TIM_OnePulse_DeInit                           build/stm32f0xx_hal_tim.o
HAL_TIM_OnePulse_GetState                         build/stm32f0xx_hal_tim.o
HAL_TIM_OnePulse_Init                             build/stm32f0xx_hal_tim.o
HAL_TIM_OnePulse_MspDeInit                        build/stm32f0xx_hal_tim.o
HAL_TIM_OnePulse_MspInit                          build/stm32f0xx_hal_tim.o
HAL_TIM_OnePulse_Start                            build/stm32f0xx_hal_tim.o
HAL_TIM_OnePulse_Start_IT                         build/stm32f0xx_hal_tim.o
HAL_TIM_OnePulse_Stop                             build/stm32f0xx_hal_tim.o
HAL_TIM_OnePulse_Stop_IT                          build/stm32f0xx_hal_tim.o
HAL_TIM_PWM_ConfigChannel                         build/stm32f0xx_hal_tim.o
                                                  build/main.o
HAL_TIM_PWM_DeInit                                build/stm32f0xx_hal_tim.o
HAL_TIM_PWM_GetState                              build/stm32f0xx_hal_tim.o
HAL_TIM_PWM_Init                                  build/stm32f0xx_hal_tim.o
                                                  build/main.o
HAL_TIM_PWM_MspDeInit                             build/stm32f0xx_hal_tim.o
HAL_TIM_PWM_MspInit                               build/stm32f0xx_hal_tim.o
HAL_TIM_PWM_PulseFinishedCallback                 build/stm32f0xx_hal_tim.o
HAL_TIM_PWM_Start                                 build/stm32f0xx_hal_tim.o
HAL_TIM_PWM_Start_DMA                             build/stm32f0xx_hal_tim.o
HAL_TIM_PWM_Start_IT                              build/stm32f0xx_hal_tim.o
HAL_TIM_PWM_Stop                                  build/stm32f0xx_hal_tim.o
HAL_TIM_PWM_Stop_DMA                              build/stm32f0xx_hal_tim.o
HAL_TIM_PWM_Stop_IT                               build/stm32f0xx_hal_tim.o
HAL_TIM_PeriodElapsedCallback                     build/stm32f0xx_hal_tim.o
HAL_TIM_ReadCapturedValue                         build/stm32f0xx_hal_tim.o
HAL_TIM_SlaveConfigSynchronization                build/stm32f0xx_hal_tim.o
HAL_TIM_SlaveConfigSynchronization_IT             build/stm32f0xx_hal_tim.o
HAL_TIM_TriggerCallback                           build/stm32f0xx_hal_tim.o
HardFault_Handler                                 build/stm32f0xx_it.o
I2C1_IRQHandler                                   build/startup_stm32f070x6.o
NMI_Handler                                       build/stm32f0xx_it.o
PendSV_Handler                                    build/stm32f0xx_it.o
RCC_IRQHandler                                    build/startup_stm32f070x6.o
RTC_IRQHandler                                    build/startup_stm32f070x6.o
Reset_Handler                                     build/startup_stm32f070x6.o
SPI1_IRQHandler                                   build/startup_stm32f070x6.o
SVC_Handler                                       build/stm32f0xx_it.o
SysTick_Handler                                   build/stm32f0xx_it.o
SystemClock_Config                                build/main.o
SystemCoreClock                                   build/system_stm32f0xx.o
                                                  build/stm32f0xx_hal_rcc.o
SystemCoreClockUpdate                             build/system_stm32f0xx.o
SystemInit                                        build/system_stm32f0xx.o
                                                  build/startup_stm32f070x6.o
TIM14_IRQHandler                                  build/stm32f0xx_it.o
TIM16_IRQHandler                                  build/stm32f0xx_it.o
TIM17_IRQHandler                                  build/startup_stm32f070x6.o
TIM1_BRK_UP_TRG_COM_IRQHandler                    build/startup_stm32f070x6.o
TIM1_CC_IRQHandler                                build/startup_stm32f070x6.o
TIM3_IRQHandler                                   build/stm32f0xx_it.o
TIMEx_DMACommutationCplt                          build/stm32f0xx_hal_tim_ex.o
                                                  build/stm32f0xx_hal_tim.o
TIM_Base_SetConfig                                build/stm32f0xx_hal_tim.o
                                                  build/stm32f0xx_hal_tim_ex.o
TIM_CCxChannelCmd                                 build/stm32f0xx_hal_tim.o
                                                  build/stm32f0xx_hal_tim_ex.o
TIM_DMACaptureCplt                                build/stm32f0xx_hal_tim.o
                                                  build/stm32f0xx_hal_tim_ex.o
TIM_DMADelayPulseCplt                             build/stm32f0xx_hal_tim.o
                                                  build/stm32f0xx_hal_tim_ex.o
TIM_DMAError                                      build/stm32f0xx_hal_tim.o
                                                  build/stm32f0xx_hal_tim_ex.o
TIM_ETR_SetConfig                                 build/stm32f0xx_hal_tim.o
TIM_OC2_SetConfig                                 build/stm32f0xx_hal_tim.o
                                                  build/stm32f0xx_hal_tim_ex.o
TIM_TI1_SetConfig                                 build/stm32f0xx_hal_tim.o
                                                  build/stm32f0xx_hal_tim_ex.o
USART1_IRQHandler                                 build/startup_stm32f070x6.o
USART2_IRQHandler                                 build/startup_stm32f070x6.o
USB_IRQHandler                                    build/startup_stm32f070x6.o
WWDG_IRQHandler                                   build/startup_stm32f070x6.o
__aeabi_idiv0                                     /usr/bin/../lib/gcc/arm-none-eabi/7.3.1/thumb/v6-m/libgcc.a(_dvmd_tls.o)
                                                  /usr/bin/../lib/gcc/arm-none-eabi/7.3.1/thumb/v6-m/libgcc.a(_udivsi3.o)
__aeabi_ldiv0                                     /usr/bin/../lib/gcc/arm-none-eabi/7.3.1/thumb/v6-m/libgcc.a(_dvmd_tls.o)
__aeabi_uidiv                                     /usr/bin/../lib/gcc/arm-none-eabi/7.3.1/thumb/v6-m/libgcc.a(_udivsi3.o)
                                                  build/system_stm32f0xx.o
                                                  build/stm32f0xx_hal_dma.o
                                                  build/stm32f0xx_hal.o
                                                  build/stm32f0xx_hal_rcc_ex.o
                                                  build/stm32f0xx_hal_rcc.o
                                                  build/main.o
__aeabi_uidivmod                                  /usr/bin/../lib/gcc/arm-none-eabi/7.3.1/thumb/v6-m/libgcc.a(_udivsi3.o)
                                                  build/main.o
__bss_end__                                       /usr/bin/../lib/gcc/arm-none-eabi/7.3.1/../../../../arm-none-eabi/lib/thumb/v6-m/crt0.o
__bss_start__                                     /usr/bin/../lib/gcc/arm-none-eabi/7.3.1/../../../../arm-none-eabi/lib/thumb/v6-m/crt0.o
__call_exitprocs                                  /usr/bin/../lib/gcc/arm-none-eabi/7.3.1/../../../../arm-none-eabi/lib/thumb/v6-m/libc_nano.a(lib_a-exit.o)
__deregister_frame_info                           /usr/bin/../lib/gcc/arm-none-eabi/7.3.1/thumb/v6-m/crtbegin.o
__dso_handle                                      /usr/bin/../lib/gcc/arm-none-eabi/7.3.1/thumb/v6-m/crtbegin.o
__init_array_end                                  /usr/bin/../lib/gcc/arm-none-eabi/7.3.1/../../../../arm-none-eabi/lib/thumb/v6-m/libc_nano.a(lib_a-init.o)
__init_array_start                                /usr/bin/../lib/gcc/arm-none-eabi/7.3.1/../../../../arm-none-eabi/lib/thumb/v6-m/libc_nano.a(lib_a-init.o)
__libc_fini_array                                 /usr/bin/../lib/gcc/arm-none-eabi/7.3.1/../../../../arm-none-eabi/lib/thumb/v6-m/crt0.o
__libc_init_array                                 /usr/bin/../lib/gcc/arm-none-eabi/7.3.1/../../../../arm-none-eabi/lib/thumb/v6-m/libc_nano.a(lib_a-init.o)
                                                  build/startup_stm32f070x6.o
                                                  /usr/bin/../lib/gcc/arm-none-eabi/7.3.1/../../../../arm-none-eabi/lib/thumb/v6-m/crt0.o
__preinit_array_end                               /usr/bin/../lib/gcc/arm-none-eabi/7.3.1/../../../../arm-none-eabi/lib/thumb/v6-m/libc_nano.a(lib_a-init.o)
__preinit_array_start                             /usr/bin/../lib/gcc/arm-none-eabi/7.3.1/../../../../arm-none-eabi/lib/thumb/v6-m/libc_nano.a(lib_a-init.o)
__register_frame_info                             /usr/bin/../lib/gcc/arm-none-eabi/7.3.1/thumb/v6-m/crtbegin.o
__sf_fake_stderr                                  /usr/bin/../lib/gcc/arm-none-eabi/7.3.1/../../../../arm-none-eabi/lib/thumb/v6-m/libc_nano.a(lib_a-impure.o)
__sf_fake_stdin                                   /usr/bin/../lib/gcc/arm-none-eabi/7.3.1/../../../../arm-none-eabi/lib/thumb/v6-m/libc_nano.a(lib_a-impure.o)
__sf_fake_stdout                                  /usr/bin/../lib/gcc/arm-none-eabi/7.3.1/../../../../arm-none-eabi/lib/thumb/v6-m/libc_nano.a(lib_a-impure.o)
__stack                                           /usr/bin/../lib/gcc/arm-none-eabi/7.3.1/../../../../arm-none-eabi/lib/thumb/v6-m/crt0.o
__udivsi3                                         /usr/bin/../lib/gcc/arm-none-eabi/7.3.1/thumb/v6-m/libgcc.a(_udivsi3.o)
_ebss                                             build/startup_stm32f070x6.o
_edata                                            build/startup_stm32f070x6.o
_estack                                           build/startup_stm32f070x6.o
_exit                                             /usr/bin/../lib/gcc/arm-none-eabi/7.3.1/../../../../arm-none-eabi/lib/thumb/v6-m/libnosys.a(_exit.o)
                                                  /usr/bin/../lib/gcc/arm-none-eabi/7.3.1/../../../../arm-none-eabi/lib/thumb/v6-m/libc_nano.a(lib_a-exit.o)
_fini                                             /usr/bin/../lib/gcc/arm-none-eabi/7.3.1/thumb/v6-m/crti.o
_global_impure_ptr                                /usr/bin/../lib/gcc/arm-none-eabi/7.3.1/../../../../arm-none-eabi/lib/thumb/v6-m/libc_nano.a(lib_a-impure.o)
                                                  /usr/bin/../lib/gcc/arm-none-eabi/7.3.1/../../../../arm-none-eabi/lib/thumb/v6-m/libc_nano.a(lib_a-exit.o)
_impure_ptr                                       /usr/bin/../lib/gcc/arm-none-eabi/7.3.1/../../../../arm-none-eabi/lib/thumb/v6-m/libc_nano.a(lib_a-impure.o)
_init                                             /usr/bin/../lib/gcc/arm-none-eabi/7.3.1/thumb/v6-m/crti.o
                                                  /usr/bin/../lib/gcc/arm-none-eabi/7.3.1/../../../../arm-none-eabi/lib/thumb/v6-m/libc_nano.a(lib_a-init.o)
_mainCRTStartup                                   /usr/bin/../lib/gcc/arm-none-eabi/7.3.1/../../../../arm-none-eabi/lib/thumb/v6-m/crt0.o
_sbss                                             build/startup_stm32f070x6.o
_sdata                                            build/startup_stm32f070x6.o
_sidata                                           build/startup_stm32f070x6.o
_start                                            /usr/bin/../lib/gcc/arm-none-eabi/7.3.1/../../../../arm-none-eabi/lib/thumb/v6-m/crt0.o
allow_buzzer                                      build/stm32f0xx_hal_msp.o
                                                  build/stm32f0xx_it.o
                                                  build/main.o
atexit                                            /usr/bin/../lib/gcc/arm-none-eabi/7.3.1/../../../../arm-none-eabi/lib/thumb/v6-m/crt0.o
clear_leds                                        build/main.o
digit1                                            build/main.o
digit2                                            build/main.o
digit3                                            build/main.o
digit4                                            build/main.o
exit                                              /usr/bin/../lib/gcc/arm-none-eabi/7.3.1/../../../../arm-none-eabi/lib/thumb/v6-m/libc_nano.a(lib_a-exit.o)
                                                  /usr/bin/../lib/gcc/arm-none-eabi/7.3.1/../../../../arm-none-eabi/lib/thumb/v6-m/crt0.o
g_pfnVectors                                      build/startup_stm32f070x6.o
hardware_init_hook                                /usr/bin/../lib/gcc/arm-none-eabi/7.3.1/../../../../arm-none-eabi/lib/thumb/v6-m/crt0.o
htim14                                            build/main.o
                                                  build/stm32f0xx_it.o
htim16                                            build/main.o
                                                  build/stm32f0xx_it.o
htim3                                             build/main.o
                                                  build/stm32f0xx_it.o
main                                              build/main.o
                                                  build/startup_stm32f070x6.o
                                                  /usr/bin/../lib/gcc/arm-none-eabi/7.3.1/../../../../arm-none-eabi/lib/thumb/v6-m/crt0.o
memset                                            /usr/bin/../lib/gcc/arm-none-eabi/7.3.1/../../../../arm-none-eabi/lib/thumb/v6-m/libc_nano.a(lib_a-memset.o)
                                                  build/main.o
                                                  /usr/bin/../lib/gcc/arm-none-eabi/7.3.1/../../../../arm-none-eabi/lib/thumb/v6-m/crt0.o
minutes                                           build/main.o
pFlash                                            build/stm32f0xx_hal_flash.o
                                                  build/stm32f0xx_hal_flash_ex.o
pixel                                             build/main.o
                                                  build/stm32f0xx_it.o
running                                           build/main.o
second_tick                                       build/main.o
                                                  build/stm32f0xx_it.o
seconds                                           build/main.o
set_led                                           build/main.o
software_init_hook                                /usr/bin/../lib/gcc/arm-none-eabi/7.3.1/../../../../arm-none-eabi/lib/thumb/v6-m/crt0.o
symbols                                           build/main.o
update_time                                       build/main.o
uwTick                                            build/stm32f0xx_hal.o
